Archive member included to satisfy reference by file (symbol)

/usr/lib/gcc/arm-none-eabi/13.2.1/../../../arm-none-eabi/lib/thumb/v7e-m+fp/hard/libc_nano.a(libc_a-impure.o)
                              build/main.o (_impure_ptr)
/usr/lib/gcc/arm-none-eabi/13.2.1/../../../arm-none-eabi/lib/thumb/v7e-m+fp/hard/libc_nano.a(libc_a-init.o)
                              /usr/lib/gcc/arm-none-eabi/13.2.1/../../../arm-none-eabi/lib/thumb/v7e-m+fp/hard/crt0.o (__libc_init_array)
/usr/lib/gcc/arm-none-eabi/13.2.1/../../../arm-none-eabi/lib/thumb/v7e-m+fp/hard/libc_nano.a(libc_a-puts.o)
                              build/main.o (puts)
/usr/lib/gcc/arm-none-eabi/13.2.1/../../../arm-none-eabi/lib/thumb/v7e-m+fp/hard/libc_nano.a(libc_a-findfp.o)
                              /usr/lib/gcc/arm-none-eabi/13.2.1/../../../arm-none-eabi/lib/thumb/v7e-m+fp/hard/libc_nano.a(libc_a-puts.o) (__sinit)
/usr/lib/gcc/arm-none-eabi/13.2.1/../../../arm-none-eabi/lib/thumb/v7e-m+fp/hard/libc_nano.a(libc_a-memset.o)
                              /usr/lib/gcc/arm-none-eabi/13.2.1/../../../arm-none-eabi/lib/thumb/v7e-m+fp/hard/crt0.o (memset)
/usr/lib/gcc/arm-none-eabi/13.2.1/../../../arm-none-eabi/lib/thumb/v7e-m+fp/hard/libc_nano.a(libc_a-fflush.o)
                              /usr/lib/gcc/arm-none-eabi/13.2.1/../../../arm-none-eabi/lib/thumb/v7e-m+fp/hard/libc_nano.a(libc_a-findfp.o) (_fflush_r)
/usr/lib/gcc/arm-none-eabi/13.2.1/../../../arm-none-eabi/lib/thumb/v7e-m+fp/hard/libc_nano.a(libc_a-errno.o)
                              build/sysmem.o (__errno)
/usr/lib/gcc/arm-none-eabi/13.2.1/../../../arm-none-eabi/lib/thumb/v7e-m+fp/hard/libc_nano.a(libc_a-mallocr.o)
                              /usr/lib/gcc/arm-none-eabi/13.2.1/../../../arm-none-eabi/lib/thumb/v7e-m+fp/hard/libc_nano.a(libc_a-findfp.o) (_malloc_r)
/usr/lib/gcc/arm-none-eabi/13.2.1/../../../arm-none-eabi/lib/thumb/v7e-m+fp/hard/libc_nano.a(libc_a-freer.o)
                              /usr/lib/gcc/arm-none-eabi/13.2.1/../../../arm-none-eabi/lib/thumb/v7e-m+fp/hard/libc_nano.a(libc_a-fflush.o) (_free_r)
/usr/lib/gcc/arm-none-eabi/13.2.1/../../../arm-none-eabi/lib/thumb/v7e-m+fp/hard/libc_nano.a(libc_a-fwalk.o)
                              /usr/lib/gcc/arm-none-eabi/13.2.1/../../../arm-none-eabi/lib/thumb/v7e-m+fp/hard/libc_nano.a(libc_a-findfp.o) (_fwalk_sglue)
/usr/lib/gcc/arm-none-eabi/13.2.1/../../../arm-none-eabi/lib/thumb/v7e-m+fp/hard/libc_nano.a(libc_a-wsetup.o)
                              /usr/lib/gcc/arm-none-eabi/13.2.1/../../../arm-none-eabi/lib/thumb/v7e-m+fp/hard/libc_nano.a(libc_a-puts.o) (__swsetup_r)
/usr/lib/gcc/arm-none-eabi/13.2.1/../../../arm-none-eabi/lib/thumb/v7e-m+fp/hard/libc_nano.a(libc_a-setvbuf.o)
                              build/main.o (setvbuf)
/usr/lib/gcc/arm-none-eabi/13.2.1/../../../arm-none-eabi/lib/thumb/v7e-m+fp/hard/libc_nano.a(libc_a-memcpy.o)
                              build/bootloader.o (memcpy)
/usr/lib/gcc/arm-none-eabi/13.2.1/../../../arm-none-eabi/lib/thumb/v7e-m+fp/hard/libc_nano.a(libc_a-malloc.o)
                              /usr/lib/gcc/arm-none-eabi/13.2.1/../../../arm-none-eabi/lib/thumb/v7e-m+fp/hard/libc_nano.a(libc_a-setvbuf.o) (malloc)
/usr/lib/gcc/arm-none-eabi/13.2.1/../../../arm-none-eabi/lib/thumb/v7e-m+fp/hard/libc_nano.a(libc_a-mlock.o)
                              /usr/lib/gcc/arm-none-eabi/13.2.1/../../../arm-none-eabi/lib/thumb/v7e-m+fp/hard/libc_nano.a(libc_a-mallocr.o) (__malloc_lock)
/usr/lib/gcc/arm-none-eabi/13.2.1/../../../arm-none-eabi/lib/thumb/v7e-m+fp/hard/libc_nano.a(libc_a-makebuf.o)
                              /usr/lib/gcc/arm-none-eabi/13.2.1/../../../arm-none-eabi/lib/thumb/v7e-m+fp/hard/libc_nano.a(libc_a-wsetup.o) (__smakebuf_r)
/usr/lib/gcc/arm-none-eabi/13.2.1/../../../arm-none-eabi/lib/thumb/v7e-m+fp/hard/libc_nano.a(libc_a-exit.o)
                              /usr/lib/gcc/arm-none-eabi/13.2.1/../../../arm-none-eabi/lib/thumb/v7e-m+fp/hard/crt0.o (exit)
/usr/lib/gcc/arm-none-eabi/13.2.1/../../../arm-none-eabi/lib/thumb/v7e-m+fp/hard/libc_nano.a(libc_a-atexit.o)
                              /usr/lib/gcc/arm-none-eabi/13.2.1/../../../arm-none-eabi/lib/thumb/v7e-m+fp/hard/crt0.o (atexit)
/usr/lib/gcc/arm-none-eabi/13.2.1/../../../arm-none-eabi/lib/thumb/v7e-m+fp/hard/libc_nano.a(libc_a-printf.o)
                              build/main.o (printf)
/usr/lib/gcc/arm-none-eabi/13.2.1/../../../arm-none-eabi/lib/thumb/v7e-m+fp/hard/libc_nano.a(libc_a-isattyr.o)
                              /usr/lib/gcc/arm-none-eabi/13.2.1/../../../arm-none-eabi/lib/thumb/v7e-m+fp/hard/libc_nano.a(libc_a-makebuf.o) (_isatty_r)
/usr/lib/gcc/arm-none-eabi/13.2.1/../../../arm-none-eabi/lib/thumb/v7e-m+fp/hard/libc_nano.a(libc_a-nano-vfprintf.o)
                              /usr/lib/gcc/arm-none-eabi/13.2.1/../../../arm-none-eabi/lib/thumb/v7e-m+fp/hard/libc_nano.a(libc_a-printf.o) (_vfprintf_r)
[...]
Memory Configuration

Name             Origin             Length             Attributes
RAM              0x20000000         0x00018000         xrw
FLASH            0x08000000         0x00080000         xr
*default*        0x00000000         0xffffffff

Linker script and memory map

LOAD /usr/lib/gcc/arm-none-eabi/13.2.1/thumb/v7e-m+fp/hard/crti.o
LOAD /usr/lib/gcc/arm-none-eabi/13.2.1/thumb/v7e-m+fp/hard/crtbegin.o
LOAD /usr/lib/gcc/arm-none-eabi/13.2.1/../../../arm-none-eabi/lib/thumb/v7e-m+fp/hard/crt0.o
LOAD build/main.o
LOAD build/bootloader.o
LOAD build/st7789_bootloader.o
LOAD build/st7789.o
LOAD build/fonts.o
LOAD build/stm32f4xx_it.o
LOAD build/stm32f4xx_hal_msp.o
LOAD build/stm32f4xx_hal_uart.o
LOAD build/stm32f4xx_hal_rcc.o
LOAD build/stm32f4xx_hal_rcc_ex.o
LOAD build/stm32f4xx_hal_flash.o
LOAD build/stm32f4xx_hal_flash_ex.o
LOAD build/stm32f4xx_hal_flash_ramfunc.o
LOAD build/stm32f4xx_hal_gpio.o
LOAD build/stm32f4xx_hal_dma_ex.o
LOAD build/stm32f4xx_hal_dma.o
LOAD build/stm32f4xx_hal_pwr.o
LOAD build/stm32f4xx_hal_pwr_ex.o
LOAD build/stm32f4xx_hal_cortex.o
LOAD build/stm32f4xx_hal.o
LOAD build/stm32f4xx_hal_exti.o
LOAD build/system_stm32f4xx.o
LOAD build/sysmem.o
LOAD build/syscalls.o
LOAD build/gpio.o
LOAD build/usart.o
LOAD build/crc.o
LOAD build/stm32f4xx_hal_crc.o
LOAD build/spi.o
LOAD build/stm32f4xx_hal_spi.o
LOAD build/startup_stm32f401xe.o
LOAD /usr/lib/gcc/arm-none-eabi/13.2.1/../../../arm-none-eabi/lib/thumb/v7e-m+fp/hard/libc_nano.a
LOAD /usr/lib/gcc/arm-none-eabi/13.2.1/../../../arm-none-eabi/lib/thumb/v7e-m+fp/hard/libm.a
LOAD /usr/lib/gcc/arm-none-eabi/13.2.1/../../../arm-none-eabi/lib/thumb/v7e-m+fp/hard/libnosys.a
START GROUP
LOAD /usr/lib/gcc/arm-none-eabi/13.2.1/thumb/v7e-m+fp/hard/libgcc.a
LOAD /usr/lib/gcc/arm-none-eabi/13.2.1/../../../arm-none-eabi/lib/thumb/v7e-m+fp/hard/libc_nano.a
END GROUP
START GROUP
LOAD /usr/lib/gcc/arm-none-eabi/13.2.1/thumb/v7e-m+fp/hard/libgcc.a
LOAD /usr/lib/gcc/arm-none-eabi/13.2.1/../../../arm-none-eabi/lib/thumb/v7e-m+fp/hard/libc_nano.a
END GROUP
LOAD /usr/lib/gcc/arm-none-eabi/13.2.1/thumb/v7e-m+fp/hard/crtend.o
LOAD /usr/lib/gcc/arm-none-eabi/13.2.1/thumb/v7e-m+fp/hard/crtn.o
                0x20018000                        _estack = (ORIGIN (RAM) + LENGTH (RAM))
                0x20017c00                        _sstack = (_estack - _Min_Stack_Size)
                0x00000200                        _Min_Heap_Size = 0x200
                0x00000400                        _Min_Stack_Size = 0x400

.isr_vector     0x08000000      0x194
                0x08000000                        . = ALIGN (0x4)
 *(.isr_vector)
 .isr_vector    0x08000000      0x194 build/startup_stm32f401xe.o
                0x08000000                g_pfnVectors
                0x08000194                        . = ALIGN (0x4)

.text           0x080001a0     0x47f0
                0x080001a0                        . = ALIGN (0x4)
 *(.text)
 .text          0x080001a0       0x88 /usr/lib/gcc/arm-none-eabi/13.2.1/thumb/v7e-m+fp/hard/crtbegin.o
 .text          0x08000228       0x50 /usr/lib/gcc/arm-none-eabi/13.2.1/../../../arm-none-eabi/lib/thumb/v7e-m+fp/hard/libc_nano.a(libc_a-init.o)
                0x08000228                __libc_init_array
 .text          0x08000278       0xa0 /usr/lib/gcc/arm-none-eabi/13.2.1/../../../arm-none-eabi/lib/thumb/v7e-m+fp/hard/libc_nano.a(libc_a-puts.o)
                0x08000278                _puts_r
                0x08000308                puts
 .text          0x08000318      0x224 /usr/lib/gcc/arm-none-eabi/13.2.1/../../../arm-none-eabi/lib/thumb/v7e-m+fp/hard/libc_nano.a(libc_a-findfp.o)
                0x08000448                __sfp
                0x080004ec                __sinit
                0x0800050c                __sfp_lock_acquire
                0x08000510                __sfp_lock_release
                0x08000514                __fp_lock_all
                0x08000528                __fp_unlock_all
 .text          0x0800053c       0xa4 /usr/lib/gcc/arm-none-eabi/13.2.1/../../../arm-none-eabi/lib/thumb/v7e-m+fp/hard/libc_nano.a(libc_a-memset.o)
                0x0800053c                memset
 .text          0x080005e0      0x1a8 /usr/lib/gcc/arm-none-eabi/13.2.1/../../../arm-none-eabi/lib/thumb/v7e-m+fp/hard/libc_nano.a(libc_a-fflush.o)
                0x080005e0                __sflush_r
                0x08000704                _fflush_r
                0x0800073c                fflush
 .text          0x08000788        0xc /usr/lib/gcc/arm-none-eabi/13.2.1/../../../arm-none-eabi/lib/thumb/v7e-m+fp/hard/libc_nano.a(libc_a-errno.o)
                0x08000788                __errno
 .text          0x08000794      0x148 /usr/lib/gcc/arm-none-eabi/13.2.1/../../../arm-none-eabi/lib/thumb/v7e-m+fp/hard/libc_nano.a(libc_a-mallocr.o)
                0x080007dc                _malloc_r
 .text          0x080008dc       0xbc /usr/lib/gcc/arm-none-eabi/13.2.1/../../../arm-none-eabi/lib/thumb/v7e-m+fp/hard/libc_nano.a(libc_a-freer.o)
                0x080008dc                _free_r
 .text          0x08000998       0x44 /usr/lib/gcc/arm-none-eabi/13.2.1/../../../arm-none-eabi/lib/thumb/v7e-m+fp/hard/libc_nano.a(libc_a-fwalk.o)
                0x08000998                _fwalk_sglue
 .text          0x080009dc       0xc4 /usr/lib/gcc/arm-none-eabi/13.2.1/../../../arm-none-eabi/lib/thumb/v7e-m+fp/hard/libc_nano.a(libc_a-wsetup.o)
                0x080009dc                __swsetup_r
 .text          0x08000aa0      0x154 /usr/lib/gcc/arm-none-eabi/13.2.1/../../../arm-none-eabi/lib/thumb/v7e-m+fp/hard/libc_nano.a(libc_a-setvbuf.o)
                0x08000aa0                setvbuf
 .text          0x08000bf4      0x134 /usr/lib/gcc/arm-none-eabi/13.2.1/../../../arm-none-eabi/lib/thumb/v7e-m+fp/hard/libc_nano.a(libc_a-memcpy.o)
                0x08000bf4                memcpy
 .text          0x08000d28       0x20 /usr/lib/gcc/arm-none-eabi/13.2.1/../../../arm-none-eabi/lib/thumb/v7e-m+fp/hard/libc_nano.a(libc_a-malloc.o)
                0x08000d28                malloc
                0x08000d38                free
 .text          0x08000d48        0x8 /usr/lib/gcc/arm-none-eabi/13.2.1/../../../arm-none-eabi/lib/thumb/v7e-m+fp/hard/libc_nano.a(libc_a-mlock.o)
                0x08000d48                __malloc_lock
                0x08000d4c                __malloc_unlock
 .text          0x08000d50      0x114 /usr/lib/gcc/arm-none-eabi/13.2.1/../../../arm-none-eabi/lib/thumb/v7e-m+fp/hard/libc_nano.a(libc_a-makebuf.o)
                0x08000d50                __smakebuf_r
                0x08000e14                __swhatbuf_r
 .text          0x08000e64       0x48 /usr/lib/gcc/arm-none-eabi/13.2.1/../../../arm-none-eabi/lib/thumb/v7e-m+fp/hard/libc_nano.a(libc_a-printf.o)
                0x08000e64                _printf_r
                0x08000e64                _iprintf_r
                0x08000e84                printf
                0x08000e84                iprintf
 .text          0x08000eac       0x24 /usr/lib/gcc/arm-none-eabi/13.2.1/../../../arm-none-eabi/lib/thumb/v7e-m+fp/hard/libc_nano.a(libc_a-isattyr.o)
                0x08000eac                _isatty_r
 .text          0x08000ed0      0x314 /usr/lib/gcc/arm-none-eabi/13.2.1/../../../arm-none-eabi/lib/thumb/v7e-m+fp/hard/libc_nano.a(libc_a-nano-vfprintf.o)
                0x08000f0c                __sfputs_r
                0x08000f3c                __sprint_r
                0x08000f5c                _vfiprintf_r
                0x08000f5c                _vfprintf_r
                0x080011c8                vfiprintf
                0x080011c8                vfprintf
 .text          0x080011e4       0xa0 /usr/lib/gcc/arm-none-eabi/13.2.1/../../../arm-none-eabi/lib/thumb/v7e-m+fp/hard/libc_nano.a(libc_a-wbuf.o)
                0x080011e4                __swbuf_r
                0x0800126c                __swbuf
 .text          0x08001284       0x24 /usr/lib/gcc/arm-none-eabi/13.2.1/../../../arm-none-eabi/lib/thumb/v7e-m+fp/hard/libc_nano.a(libc_a-sbrkr.o)
                0x08001284                _sbrk_r
 .text          0x080012a8       0x94 /usr/lib/gcc/arm-none-eabi/13.2.1/../../../arm-none-eabi/lib/thumb/v7e-m+fp/hard/libc_nano.a(libc_a-stdio.o)
                0x080012a8                __sread
                0x080012cc                __seofread
                0x080012d0                __swrite
                0x08001310                __sseek
                0x08001334                __sclose
 .text          0x0800133c      0x300 /usr/lib/gcc/arm-none-eabi/13.2.1/../../../arm-none-eabi/lib/thumb/v7e-m+fp/hard/libc_nano.a(libc_a-fvwrite.o)
                0x0800133c                __sfvwrite_r
 .text          0x0800163c       0x24 /usr/lib/gcc/arm-none-eabi/13.2.1/../../../arm-none-eabi/lib/thumb/v7e-m+fp/hard/libc_nano.a(libc_a-closer.o)
                0x0800163c                _close_r
 .text          0x08001660      0x100 /usr/lib/gcc/arm-none-eabi/13.2.1/../../../arm-none-eabi/lib/thumb/v7e-m+fp/hard/libc_nano.a(libc_a-memmove.o)
                0x08001660                memmove
 .text          0x08001760       0xa0 /usr/lib/gcc/arm-none-eabi/13.2.1/../../../arm-none-eabi/lib/thumb/v7e-m+fp/hard/libc_nano.a(libc_a-memchr.o)
                0x08001760                memchr
 .text          0x08001800       0x2c /usr/lib/gcc/arm-none-eabi/13.2.1/../../../arm-none-eabi/lib/thumb/v7e-m+fp/hard/libc_nano.a(libc_a-readr.o)
                0x08001800                _read_r
 .text          0x0800182c       0x64 /usr/lib/gcc/arm-none-eabi/13.2.1/../../../arm-none-eabi/lib/thumb/v7e-m+fp/hard/libc_nano.a(libc_a-reallocr.o)
                0x0800182c                _realloc_r
 .text          0x08001890      0x3a8 /usr/lib/gcc/arm-none-eabi/13.2.1/../../../arm-none-eabi/lib/thumb/v7e-m+fp/hard/libc_nano.a(libc_a-nano-vfprintf_i.o)
                0x08001890                _printf_common
                0x080019b4                _printf_i
 .text          0x08001c38       0x2c /usr/lib/gcc/arm-none-eabi/13.2.1/../../../arm-none-eabi/lib/thumb/v7e-m+fp/hard/libc_nano.a(libc_a-fstatr.o)
                0x08001c38                _fstat_r
 .text          0x08001c64       0x2c /usr/lib/gcc/arm-none-eabi/13.2.1/../../../arm-none-eabi/lib/thumb/v7e-m+fp/hard/libc_nano.a(libc_a-lseekr.o)
                0x08001c64                _lseek_r
 .text          0x08001c90       0x2c /usr/lib/gcc/arm-none-eabi/13.2.1/../../../arm-none-eabi/lib/thumb/v7e-m+fp/hard/libc_nano.a(libc_a-writer.o)
                0x08001c90                _write_r
 .text          0x08001cbc       0x10 /usr/lib/gcc/arm-none-eabi/13.2.1/../../../arm-none-eabi/lib/thumb/v7e-m+fp/hard/libc_nano.a(libc_a-msizer.o)
                0x08001cbc                _malloc_usable_size_r
 .text          0x08001ccc       0x30 /usr/lib/gcc/arm-none-eabi/13.2.1/thumb/v7e-m+fp/hard/libgcc.a(_aeabi_uldivmod.o)
                0x08001ccc                __aeabi_uldivmod
 .text          0x08001cfc      0x2bc /usr/lib/gcc/arm-none-eabi/13.2.1/thumb/v7e-m+fp/hard/libgcc.a(_udivmoddi4.o)
                0x08001cfc                __udivmoddi4
 .text          0x08001fb8        0x4 /usr/lib/gcc/arm-none-eabi/13.2.1/thumb/v7e-m+fp/hard/libgcc.a(_dvmd_tls.o)
                0x08001fb8                __aeabi_ldiv0
                0x08001fb8                __aeabi_idiv0
 *(.text*)
 .text.__io_putchar
                0x08001fbc       0x24 build/main.o
                0x08001fbc                __io_putchar
 .text.Error_Handler
                0x08001fe0        0x4 build/main.o
                0x08001fe0                Error_Handler
 .text.SystemClock_Config
                0x08001fe4       0x8c build/main.o
                0x08001fe4                SystemClock_Config
 .text.main     0x08002070      0x2d0 build/main.o
                0x08002070                main
 .text.jump_to_reset
                0x08002340        0x6 build/bootloader.o
 *fill*         0x08002346        0x2 
 .text.flash_erase_sectors
                0x08002348       0x5c build/bootloader.o
                0x08002348                flash_erase_sectors
 .text.IMG_valid
                0x080023a4       0x20 build/bootloader.o
                0x080023a4                IMG_valid
 .text.jmp_to_IMG
                0x080023c4       0xc8 build/bootloader.o
                0x080023c4                jmp_to_IMG
 .text.bcb_slotswitch
                0x0800248c       0x88 build/bootloader.o
                0x0800248c                bcb_slotswitch
 .text.write_to_flash
                0x08002514       0xa8 build/bootloader.o
                0x08002514                write_to_flash
 .text.clamp_percent
                0x080025bc        0xa build/st7789_bootloader.o
 *fill*         0x080025c6        0x2 
 .text.clear_dots_area
                0x080025c8       0x24 build/st7789_bootloader.o
 .text.draw_progress_bar_frame
                0x080025ec       0x1e build/st7789_bootloader.o
 *fill*         0x0800260a        0x2 
 .text.draw_progress_bar_fill
                0x0800260c       0x3c build/st7789_bootloader.o
 .text.UI_Bootloader_ShowStart
                0x08002648       0x6c build/st7789_bootloader.o
                0x08002648                UI_Bootloader_ShowStart
 .text.UI_Bootloader_ShowDone
                0x080026b4       0x54 build/st7789_bootloader.o
                0x080026b4                UI_Bootloader_ShowDone
 .text.UI_Bootloader_ShowFailed
                0x08002708       0x54 build/st7789_bootloader.o
                0x08002708                UI_Bootloader_ShowFailed
 .text.ST7789_WriteCommand
                0x0800275c       0x44 build/st7789.o
 .text.ST7789_WriteSmallData
                0x080027a0       0x44 build/st7789.o
 .text.ST7789_WriteData
                0x080027e4       0x54 build/st7789.o
 .text.ST7789_SetAddressWindow
                0x08002838       0x88 build/st7789.o
 .text.ST7789_SetRotation
                0x080028c0       0x36 build/st7789.o
                0x080028c0                ST7789_SetRotation
 *fill*         0x080028f6        0x2 
 .text.ST7789_Fill_Color
                0x080028f8       0x5c build/st7789.o
                0x080028f8                ST7789_Fill_Color
 .text.ST7789_Init
                0x08002954      0x130 build/st7789.o
                0x08002954                ST7789_Init
 .text.ST7789_DrawPixel
                0x08002a84       0x4c build/st7789.o
                0x08002a84                ST7789_DrawPixel
 .text.ST7789_Fill
                0x08002ad0       0x74 build/st7789.o
                0x08002ad0                ST7789_Fill
 .text.ST7789_DrawLine
                0x08002b44       0xae build/st7789.o
                0x08002b44                ST7789_DrawLine
 *fill*         0x08002bf2        0x2 
 .text.ST7789_DrawRectangle
                0x08002bf4       0x74 build/st7789.o
                0x08002bf4                ST7789_DrawRectangle
 .text.ST7789_WriteChar
                0x08002c68       0xb4 build/st7789.o
                0x08002c68                ST7789_WriteChar
 .text.ST7789_WriteString
                0x08002d1c       0x84 build/st7789.o
                0x08002d1c                ST7789_WriteString
 .text.ST7789_DrawFilledRectangle
                0x08002da0       0x7c build/st7789.o
                0x08002da0                ST7789_DrawFilledRectangle
 .text.NMI_Handler
                0x08002e1c        0x2 build/stm32f4xx_it.o
                0x08002e1c                NMI_Handler
 .text.HardFault_Handler
                0x08002e1e        0x2 build/stm32f4xx_it.o
                0x08002e1e                HardFault_Handler
 .text.MemManage_Handler
                0x08002e20        0x2 build/stm32f4xx_it.o
                0x08002e20                MemManage_Handler
 .text.BusFault_Handler
                0x08002e22        0x2 build/stm32f4xx_it.o
                0x08002e22                BusFault_Handler
 .text.UsageFault_Handler
                0x08002e24        0x2 build/stm32f4xx_it.o
                0x08002e24                UsageFault_Handler
 .text.SVC_Handler
                0x08002e26        0x2 build/stm32f4xx_it.o
                0x08002e26                SVC_Handler
 .text.DebugMon_Handler
                0x08002e28        0x2 build/stm32f4xx_it.o
                0x08002e28                DebugMon_Handler
 .text.PendSV_Handler
                0x08002e2a        0x2 build/stm32f4xx_it.o
                0x08002e2a                PendSV_Handler
 .text.SysTick_Handler
                0x08002e2c        0x8 build/stm32f4xx_it.o
                0x08002e2c                SysTick_Handler
 .text.HAL_MspInit
                0x08002e34       0x38 build/stm32f4xx_hal_msp.o
                0x08002e34                HAL_MspInit
 .text.UART_EndRxTransfer
                0x08002e6c       0x5c build/stm32f4xx_hal_uart.o
 .text.UART_SetConfig
                0x08002ec8      0x110 build/stm32f4xx_hal_uart.o
 .text.UART_WaitOnFlagUntilTimeout
                0x08002fd8       0x86 build/stm32f4xx_hal_uart.o
 .text.HAL_UART_Init
                0x0800305e       0x60 build/stm32f4xx_hal_uart.o
                0x0800305e                HAL_UART_Init
 .text.HAL_UART_Transmit
                0x080030be       0xcc build/stm32f4xx_hal_uart.o
                0x080030be                HAL_UART_Transmit
 .text.HAL_UART_Receive
                0x0800318a       0xd2 build/stm32f4xx_hal_uart.o
                0x0800318a                HAL_UART_Receive
 .text.HAL_RCC_OscConfig
                0x0800325c      0x3f8 build/stm32f4xx_hal_rcc.o
                0x0800325c                HAL_RCC_OscConfig
 .text.HAL_RCC_GetSysClockFreq
                0x08003654       0xa8 build/stm32f4xx_hal_rcc.o
                0x08003654                HAL_RCC_GetSysClockFreq
 .text.HAL_RCC_ClockConfig
                0x080036fc      0x160 build/stm32f4xx_hal_rcc.o
                0x080036fc                HAL_RCC_ClockConfig
 .text.HAL_RCC_GetHCLKFreq
                0x0800385c        0xc build/stm32f4xx_hal_rcc.o
                0x0800385c                HAL_RCC_GetHCLKFreq
 .text.HAL_RCC_GetPCLK1Freq
                0x08003868       0x20 build/stm32f4xx_hal_rcc.o
                0x08003868                HAL_RCC_GetPCLK1Freq
 .text.HAL_RCC_GetPCLK2Freq
                0x08003888       0x20 build/stm32f4xx_hal_rcc.o
                0x08003888                HAL_RCC_GetPCLK2Freq
 .text.HAL_RCC_DeInit
                0x080038a8      0x13c build/stm32f4xx_hal_rcc_ex.o
                0x080038a8                HAL_RCC_DeInit
 .text.FLASH_Program_DoubleWord
                0x080039e4       0x30 build/stm32f4xx_hal_flash.o
 .text.FLASH_Program_Word
                0x08003a14       0x24 build/stm32f4xx_hal_flash.o
 .text.FLASH_Program_HalfWord
                0x08003a38       0x24 build/stm32f4xx_hal_flash.o
 .text.FLASH_Program_Byte
                0x08003a5c       0x20 build/stm32f4xx_hal_flash.o
 .text.FLASH_SetErrorCode
                0x08003a7c       0xa8 build/stm32f4xx_hal_flash.o
 .text.HAL_FLASH_Unlock
                0x08003b24       0x30 build/stm32f4xx_hal_flash.o
                0x08003b24                HAL_FLASH_Unlock
 .text.HAL_FLASH_Lock
                0x08003b54       0x14 build/stm32f4xx_hal_flash.o
                0x08003b54                HAL_FLASH_Lock
 .text.HAL_FLASH_GetError
                0x08003b68        0xc build/stm32f4xx_hal_flash.o
                0x08003b68                HAL_FLASH_GetError
 .text.FLASH_WaitForLastOperation
                0x08003b74       0x60 build/stm32f4xx_hal_flash.o
                0x08003b74                FLASH_WaitForLastOperation
 .text.HAL_FLASH_Program
                0x08003bd4       0x7c build/stm32f4xx_hal_flash.o
                0x08003bd4                HAL_FLASH_Program
 .text.FLASH_MassErase
                0x08003c50       0x24 build/stm32f4xx_hal_flash_ex.o
 .text.FLASH_Erase_Sector
                0x08003c74       0x4c build/stm32f4xx_hal_flash_ex.o
                0x08003c74                FLASH_Erase_Sector
 .text.FLASH_FlushCaches
                0x08003cc0       0x60 build/stm32f4xx_hal_flash_ex.o
                0x08003cc0                FLASH_FlushCaches
 .text.HAL_FLASHEx_Erase
                0x08003d20       0x94 build/stm32f4xx_hal_flash_ex.o
                0x08003d20                HAL_FLASHEx_Erase
 .text.HAL_GPIO_Init
                0x08003db4      0x1c8 build/stm32f4xx_hal_gpio.o
                0x08003db4                HAL_GPIO_Init
 .text.HAL_GPIO_ReadPin
                0x08003f7c        0xe build/stm32f4xx_hal_gpio.o
                0x08003f7c                HAL_GPIO_ReadPin
 .text.HAL_GPIO_WritePin
                0x08003f8a        0xc build/stm32f4xx_hal_gpio.o
                0x08003f8a                HAL_GPIO_WritePin
 *fill*         0x08003f96        0x2 
 .text.__NVIC_SetPriority
                0x08003f98       0x28 build/stm32f4xx_hal_cortex.o
 .text.NVIC_EncodePriority
                0x08003fc0       0x3e build/stm32f4xx_hal_cortex.o
 *fill*         0x08003ffe        0x2 
 .text.HAL_NVIC_SetPriorityGrouping
                0x08004000       0x24 build/stm32f4xx_hal_cortex.o
                0x08004000                HAL_NVIC_SetPriorityGrouping
 .text.HAL_NVIC_SetPriority
                0x08004024       0x20 build/stm32f4xx_hal_cortex.o
                0x08004024                HAL_NVIC_SetPriority
 .text.HAL_SYSTICK_Config
                0x08004044       0x28 build/stm32f4xx_hal_cortex.o
                0x08004044                HAL_SYSTICK_Config
 .text.HAL_MspDeInit
                0x0800406c        0x2 build/stm32f4xx_hal.o
                0x0800406c                HAL_MspDeInit
 *fill*         0x0800406e        0x2 
 .text.HAL_DeInit
                0x08004070       0x40 build/stm32f4xx_hal.o
                0x08004070                HAL_DeInit
 .text.HAL_InitTick
                0x080040b0       0x4c build/stm32f4xx_hal.o
                0x080040b0                HAL_InitTick
 .text.HAL_Init
                0x080040fc       0x34 build/stm32f4xx_hal.o
                0x080040fc                HAL_Init
 .text.HAL_IncTick
                0x08004130       0x18 build/stm32f4xx_hal.o
                0x08004130                HAL_IncTick
 .text.HAL_GetTick
                0x08004148        0xc build/stm32f4xx_hal.o
                0x08004148                HAL_GetTick
 .text.HAL_Delay
                0x08004154       0x28 build/stm32f4xx_hal.o
                0x08004154                HAL_Delay
 .text.SystemInit
                0x0800417c       0x14 build/system_stm32f4xx.o
                0x0800417c                SystemInit
 .text._sbrk    0x08004190       0x48 build/sysmem.o
                0x08004190                _sbrk
 .text._read    0x080041d8       0x20 build/syscalls.o
                0x080041d8                _read
 .text._write   0x080041f8       0x1c build/syscalls.o
                0x080041f8                _write
 .text._close   0x08004214        0x6 build/syscalls.o
                0x08004214                _close
 .text._fstat   0x0800421a        0xa build/syscalls.o
                0x0800421a                _fstat
 .text._isatty  0x08004224        0x4 build/syscalls.o
                0x08004224                _isatty
 .text._lseek   0x08004228        0x4 build/syscalls.o
                0x08004228                _lseek
 .text.MX_GPIO_Init
                0x0800422c       0xd8 build/gpio.o
                0x0800422c                MX_GPIO_Init
 .text.MX_USART1_UART_Init
                0x08004304       0x34 build/usart.o
                0x08004304                MX_USART1_UART_Init
 .text.MX_USART2_UART_Init
                0x08004338       0x34 build/usart.o
                0x08004338                MX_USART2_UART_Init
 .text.HAL_UART_MspInit
                0x0800436c       0xc4 build/usart.o
                0x0800436c                HAL_UART_MspInit
 .text.MX_CRC_Init
                0x08004430       0x20 build/crc.o
                0x08004430                MX_CRC_Init
 .text.HAL_CRC_MspInit
                0x08004450       0x30 build/crc.o
                0x08004450                HAL_CRC_MspInit
 .text.HAL_CRC_Init
                0x08004480       0x1e build/stm32f4xx_hal_crc.o
                0x08004480                HAL_CRC_Init
 *fill*         0x0800449e        0x2 
 .text.MX_SPI1_Init
                0x080044a0       0x48 build/spi.o
                0x080044a0                MX_SPI1_Init
 .text.HAL_SPI_MspInit
                0x080044e8       0x70 build/spi.o
                0x080044e8                HAL_SPI_MspInit
 .text.SPI_WaitFlagStateUntilTimeout
                0x08004558       0xc8 build/stm32f4xx_hal_spi.o
 .text.SPI_EndRxTxTransaction
                0x08004620       0x80 build/stm32f4xx_hal_spi.o
 .text.HAL_SPI_Init
                0x080046a0       0xbe build/stm32f4xx_hal_spi.o
                0x080046a0                HAL_SPI_Init
 .text.HAL_SPI_Transmit
                0x0800475e      0x1c4 build/stm32f4xx_hal_spi.o
                0x0800475e                HAL_SPI_Transmit
 *fill*         0x08004922        0x2 
 .text.Reset_Handler
                0x08004924       0x50 build/startup_stm32f401xe.o
                0x08004924                Reset_Handler
 .text.Default_Handler
                0x08004974        0x2 build/startup_stm32f401xe.o
                0x08004974                RTC_Alarm_IRQHandler
                0x08004974                EXTI2_IRQHandler
                0x08004974                SPI4_IRQHandler
                0x08004974                TIM1_CC_IRQHandler
                0x08004974                DMA2_Stream5_IRQHandler
                0x08004974                DMA1_Stream5_IRQHandler
                0x08004974                PVD_IRQHandler
                0x08004974                SDIO_IRQHandler
                0x08004974                TAMP_STAMP_IRQHandler
                0x08004974                EXTI3_IRQHandler
                0x08004974                TIM1_UP_TIM10_IRQHandler
                0x08004974                I2C3_ER_IRQHandler
                0x08004974                EXTI0_IRQHandler
                0x08004974                I2C2_EV_IRQHandler
                0x08004974                DMA1_Stream2_IRQHandler
                0x08004974                FPU_IRQHandler
                0x08004974                DMA2_Stream2_IRQHandler
                0x08004974                SPI1_IRQHandler
                0x08004974                TIM1_BRK_TIM9_IRQHandler
                0x08004974                DMA2_Stream3_IRQHandler
                0x08004974                USART6_IRQHandler
                0x08004974                DMA2_Stream0_IRQHandler
                0x08004974                TIM4_IRQHandler
                0x08004974                I2C1_EV_IRQHandler
                0x08004974                DMA1_Stream6_IRQHandler
                0x08004974                DMA1_Stream1_IRQHandler
                0x08004974                TIM3_IRQHandler
                0x08004974                RCC_IRQHandler
                0x08004974                Default_Handler
                0x08004974                EXTI15_10_IRQHandler
                0x08004974                ADC_IRQHandler
                0x08004974                DMA1_Stream7_IRQHandler
                0x08004974                TIM5_IRQHandler
                0x08004974                DMA2_Stream7_IRQHandler
                0x08004974                I2C3_EV_IRQHandler
                0x08004974                EXTI9_5_IRQHandler
                0x08004974                RTC_WKUP_IRQHandler
                0x08004974                SPI2_IRQHandler
                0x08004974                DMA1_Stream0_IRQHandler
                0x08004974                EXTI4_IRQHandler
                0x08004974                WWDG_IRQHandler
                0x08004974                TIM2_IRQHandler
                0x08004974                OTG_FS_WKUP_IRQHandler
                0x08004974                TIM1_TRG_COM_TIM11_IRQHandler
                0x08004974                EXTI1_IRQHandler
                0x08004974                USART2_IRQHandler
                0x08004974                I2C2_ER_IRQHandler
                0x08004974                DMA2_Stream1_IRQHandler
                0x08004974                FLASH_IRQHandler
                0x08004974                DMA2_Stream4_IRQHandler
                0x08004974                USART1_IRQHandler
                0x08004974                OTG_FS_IRQHandler
                0x08004974                SPI3_IRQHandler
                0x08004974                DMA1_Stream4_IRQHandler
                0x08004974                I2C1_ER_IRQHandler
                0x08004974                DMA2_Stream6_IRQHandler
                0x08004974                DMA1_Stream3_IRQHandler
 *(.glue_7)
 .glue_7        0x08004976        0x0 linker stubs
 *(.glue_7t)
 .glue_7t       0x08004976        0x0 linker stubs
 *(.eh_frame)
 *fill*         0x08004976        0x2 
 .eh_frame      0x08004978        0x0 /usr/lib/gcc/arm-none-eabi/13.2.1/thumb/v7e-m+fp/hard/crtbegin.o
 *(.init)
 .init          0x08004978        0x4 /usr/lib/gcc/arm-none-eabi/13.2.1/thumb/v7e-m+fp/hard/crti.o
                0x08004978                _init
 .init          0x0800497c        0x8 /usr/lib/gcc/arm-none-eabi/13.2.1/thumb/v7e-m+fp/hard/crtn.o
 *(.fini)
 .fini          0x08004984        0x4 /usr/lib/gcc/arm-none-eabi/13.2.1/thumb/v7e-m+fp/hard/crti.o
                0x08004984                _fini
 .fini          0x08004988        0x8 /usr/lib/gcc/arm-none-eabi/13.2.1/thumb/v7e-m+fp/hard/crtn.o
                0x08004990                        . = ALIGN (0x4)
                0x08004990                        _etext = .

.vfp11_veneer   0x08004990        0x0
 .vfp11_veneer  0x08004990        0x0 linker stubs

.v4_bx          0x08004990        0x0
 .v4_bx         0x08004990        0x0 linker stubs

.iplt           0x08004990        0x0
 .iplt          0x08004990        0x0 /usr/lib/gcc/arm-none-eabi/13.2.1/thumb/v7e-m+fp/hard/crtbegin.o

.rodata         0x08004990     0x25ac
                0x08004990                        . = ALIGN (0x4)
 *(.rodata)
 .rodata        0x08004990        0x5 build/st7789.o
 *(.rodata*)
 *fill*         0x08004995        0x3 
 .rodata.main.str1.4
                0x08004998      0x4e1 build/main.o
                                0x2fd (size before relaxing)
 .rodata.flash_erase_sectors.str1.4
                0x08004e79       0x29 build/bootloader.o
 .rodata.IMG_valid.str1.4
                0x08004e79        0xa build/bootloader.o
 .rodata.bcb_slotswitch.str1.4
                0x08004e79       0x91 build/bootloader.o
 .rodata.write_to_flash.str1.4
                0x08004e79       0x6b build/bootloader.o
 .rodata.UI_Bootloader_ShowStart.str1.4
                0x08004e79       0x22 build/st7789_bootloader.o
 .rodata.UI_Bootloader_ShowDone.str1.4
                0x08004e79       0x1c build/st7789_bootloader.o
 .rodata.UI_Bootloader_ShowFailed.str1.4
                0x08004e79        0xe build/st7789_bootloader.o
 .rodata.ST7789_Init.str1.4
                0x08004e79       0x1f build/st7789.o
 *fill*         0x08004e79        0x3 
 .rodata.Font16x26
                0x08004e7c     0x134c build/fonts.o
 .rodata.Font11x18
                0x080061c8      0xd5c build/fonts.o
 .rodata.APBPrescTable
                0x08006f24        0x8 build/system_stm32f4xx.o
                0x08006f24                APBPrescTable
 .rodata.AHBPrescTable
                0x08006f2c       0x10 build/system_stm32f4xx.o
                0x08006f2c                AHBPrescTable
 .rodata.str1.4
                0x08006f3c       0x13 /usr/lib/gcc/arm-none-eabi/13.2.1/../../../arm-none-eabi/lib/thumb/v7e-m+fp/hard/libc_nano.a(libc_a-nano-vfprintf.o)
 .rodata.str1.4
                0x08006f3c       0x25 /usr/lib/gcc/arm-none-eabi/13.2.1/../../../arm-none-eabi/lib/thumb/v7e-m+fp/hard/libc_nano.a(libc_a-nano-vfprintf_i.o)
                0x08006f64                        . = ALIGN (0x4)

.ARM.extab      0x08006f3c        0x0
                0x08006f3c                        . = ALIGN (0x4)
 *(.ARM.extab* .gnu.linkonce.armextab.*)
                0x08006f3c                        . = ALIGN (0x4)

.ARM            0x08006f3c        0x8
                0x08006f3c                        . = ALIGN (0x4)
                0x08006f3c                        __exidx_start = .
 *(.ARM.exidx*)
 .ARM.exidx     0x08006f3c        0x8 /usr/lib/gcc/arm-none-eabi/13.2.1/../../../arm-none-eabi/lib/thumb/v7e-m+fp/hard/libc_nano.a(libc_a-memcpy.o)
 .ARM.exidx     0x08006f44        0x0 /usr/lib/gcc/arm-none-eabi/13.2.1/../../../arm-none-eabi/lib/thumb/v7e-m+fp/hard/libc_nano.a(libc_a-memchr.o)
                                  0x8 (size before relaxing)
 .ARM.exidx     0x08006f44        0x0 /usr/lib/gcc/arm-none-eabi/13.2.1/thumb/v7e-m+fp/hard/libgcc.a(_udivmoddi4.o)
                                  0x8 (size before relaxing)
                0x08006f44                        __exidx_end = .
                0x08006f44                        . = ALIGN (0x4)

.preinit_array  0x08006f44        0x0
                0x08006f44                        . = ALIGN (0x4)
                0x08006f44                        PROVIDE (__preinit_array_start = .)
 *(.preinit_array*)
                0x08006f44                        PROVIDE (__preinit_array_end = .)
                0x08006f44                        . = ALIGN (0x4)

.init_array     0x08006f44        0x4
                0x08006f44                        . = ALIGN (0x4)
                0x08006f44                        PROVIDE (__init_array_start = .)
 *(SORT_BY_NAME(.init_array.*))
 *(.init_array*)
 .init_array    0x08006f44        0x4 /usr/lib/gcc/arm-none-eabi/13.2.1/thumb/v7e-m+fp/hard/crtbegin.o
                0x08006f48                        PROVIDE (__init_array_end = .)
                0x08006f48                        . = ALIGN (0x4)

.fini_array     0x08006f48        0x4
                0x08006f48                        . = ALIGN (0x4)
                0x08006f48                        PROVIDE (__fini_array_start = .)
 *(SORT_BY_NAME(.fini_array.*))
 *(.fini_array*)
 .fini_array    0x08006f48        0x4 /usr/lib/gcc/arm-none-eabi/13.2.1/thumb/v7e-m+fp/hard/crtbegin.o
                0x08006f4c                        PROVIDE (__fini_array_end = .)
                0x08006f4c                        . = ALIGN (0x4)
                0x08006f4c                        _sidata = LOADADDR (.data)

.rel.dyn        0x08006f4c        0x0
 .rel.iplt      0x08006f4c        0x0 /usr/lib/gcc/arm-none-eabi/13.2.1/thumb/v7e-m+fp/hard/crtbegin.o

.data           0x20000000       0x98 load address 0x08006f4c
                0x20000000                        . = ALIGN (0x4)
                0x20000000                        _sdata = .
 *(.data)
 .data          0x20000000       0x50 /usr/lib/gcc/arm-none-eabi/13.2.1/../../../arm-none-eabi/lib/thumb/v7e-m+fp/hard/libc_nano.a(libc_a-impure.o)
                0x20000000                _impure_ptr
                0x20000004                _impure_data
 .data          0x20000050        0xc /usr/lib/gcc/arm-none-eabi/13.2.1/../../../arm-none-eabi/lib/thumb/v7e-m+fp/hard/libc_nano.a(libc_a-findfp.o)
                0x20000050                __sglue
 *(.data*)
 .data.Font_16x26
                0x2000005c        0x8 build/fonts.o
                0x2000005c                Font_16x26
 .data.Font_11x18
                0x20000064        0x8 build/fonts.o
                0x20000064                Font_11x18
 .data.pFlash   0x2000006c       0x20 build/stm32f4xx_hal_flash.o
                0x2000006c                pFlash
 .data.uwTickFreq
                0x2000008c        0x1 build/stm32f4xx_hal.o
                0x2000008c                uwTickFreq
 *fill*         0x2000008d        0x3 
 .data.uwTickPrio
                0x20000090        0x4 build/stm32f4xx_hal.o
                0x20000090                uwTickPrio
 .data.SystemCoreClock
                0x20000094        0x4 build/system_stm32f4xx.o
                0x20000094                SystemCoreClock
 *(.RamFunc)
 *(.RamFunc*)
                0x20000098                        . = ALIGN (0x4)
                0x20000098                        _edata = .

.tm_clone_table
                0x20000098        0x0 load address 0x08006fe4
 .tm_clone_table
                0x20000098        0x0 /usr/lib/gcc/arm-none-eabi/13.2.1/thumb/v7e-m+fp/hard/crtbegin.o
 .tm_clone_table
                0x20000098        0x0 /usr/lib/gcc/arm-none-eabi/13.2.1/thumb/v7e-m+fp/hard/crtend.o

.igot.plt       0x20000098        0x0 load address 0x08006fe4
 .igot.plt      0x20000098        0x0 /usr/lib/gcc/arm-none-eabi/13.2.1/thumb/v7e-m+fp/hard/crtbegin.o
                0x20000098                        . = ALIGN (0x4)

.bss            0x20000098      0x260 load address 0x08006fe4
                0x20000098                        _sbss = .
                0x20000098                        __bss_start__ = _sbss
 *(.bss)
 .bss           0x20000098       0x1c /usr/lib/gcc/arm-none-eabi/13.2.1/thumb/v7e-m+fp/hard/crtbegin.o
 .bss           0x200000b4      0x13c /usr/lib/gcc/arm-none-eabi/13.2.1/../../../arm-none-eabi/lib/thumb/v7e-m+fp/hard/libc_nano.a(libc_a-findfp.o)
                0x200000b4                __sf
                0x200001ec                __stdio_exit_handler
 .bss           0x200001f0        0x8 /usr/lib/gcc/arm-none-eabi/13.2.1/../../../arm-none-eabi/lib/thumb/v7e-m+fp/hard/libc_nano.a(libc_a-mallocr.o)
                0x200001f0                __malloc_sbrk_start
                0x200001f4                __malloc_free_list
 .bss           0x200001f8        0x4 /usr/lib/gcc/arm-none-eabi/13.2.1/../../../arm-none-eabi/lib/thumb/v7e-m+fp/hard/libc_nano.a(libc_a-reent.o)
                0x200001f8                errno
 *(.bss*)
 .bss.s_dot_count
                0x200001fc        0x1 build/st7789_bootloader.o
 *fill*         0x200001fd        0x3 
 .bss.uwTick    0x20000200        0x4 build/stm32f4xx_hal.o
                0x20000200                uwTick
 .bss.__sbrk_heap_end
                0x20000204        0x4 build/sysmem.o
 .bss.huart2    0x20000208       0x48 build/usart.o
                0x20000208                huart2
 .bss.huart1    0x20000250       0x48 build/usart.o
                0x20000250                huart1
 .bss.hcrc      0x20000298        0x8 build/crc.o
                0x20000298                hcrc
 .bss.hspi1     0x200002a0       0x58 build/spi.o
                0x200002a0                hspi1
 *(COMMON)
                0x200002f8                        . = ALIGN (0x4)
                0x200002f8                        _ebss = .
                0x200002f8                        __bss_end__ = _ebss

._user_heap_stack
                0x200002f8      0x600 load address 0x08006fe4
                0x200002f8                        . = ALIGN (0x8)
                [!provide]                        PROVIDE (end = .)
                0x200002f8                        PROVIDE (_end = .)
                0x200004f8                        . = (. + _Min_Heap_Size)
 *fill*         0x200002f8      0x200 
                0x200008f8                        . = (. + _Min_Stack_Size)
 *fill*         0x200004f8      0x400 
                0x200008f8                        . = ALIGN (0x8)

/DISCARD/
 libc.a(*)
 libm.a(*)
 libgcc.a(*)
OUTPUT(build/bootloader_FOTA.elf elf32-littlearm)
LOAD linker stubs
LOAD /usr/lib/gcc/arm-none-eabi/13.2.1/../../../arm-none-eabi/lib/thumb/v7e-m+fp/hard/libc.a
LOAD /usr/lib/gcc/arm-none-eabi/13.2.1/../../../arm-none-eabi/lib/thumb/v7e-m+fp/hard/libm.a
LOAD /usr/lib/gcc/arm-none-eabi/13.2.1/thumb/v7e-m+fp/hard/libgcc.a

.ARM.attributes
                0x00000000       0x30
 .ARM.attributes
                0x00000000       0x22 /usr/lib/gcc/arm-none-eabi/13.2.1/thumb/v7e-m+fp/hard/crti.o
 .ARM.attributes
                0x00000022       0x34 /usr/lib/gcc/arm-none-eabi/13.2.1/thumb/v7e-m+fp/hard/crtbegin.o
 .ARM.attributes
                0x00000056       0x34 build/main.o
 .ARM.attributes
                0x0000008a       0x34 build/bootloader.o
 .ARM.attributes
                0x000000be       0x34 build/st7789_bootloader.o
 .ARM.attributes
                0x000000f2       0x34 build/st7789.o
 .ARM.attributes
                0x00000126       0x34 build/fonts.o
 .ARM.attributes
                0x0000015a       0x34 build/stm32f4xx_it.o
 .ARM.attributes
                0x0000018e       0x34 build/stm32f4xx_hal_msp.o
 .ARM.attributes
                0x000001c2       0x34 build/stm32f4xx_hal_uart.o
 .ARM.attributes
                0x000001f6       0x34 build/stm32f4xx_hal_rcc.o
 .ARM.attributes
                0x0000022a       0x34 build/stm32f4xx_hal_rcc_ex.o
 .ARM.attributes
                0x0000025e       0x34 build/stm32f4xx_hal_flash.o
 .ARM.attributes
                0x00000292       0x34 build/stm32f4xx_hal_flash_ex.o
 .ARM.attributes
                0x000002c6       0x34 build/stm32f4xx_hal_gpio.o
 .ARM.attributes
                0x000002fa       0x34 build/stm32f4xx_hal_cortex.o
 .ARM.attributes
                0x0000032e       0x34 build/stm32f4xx_hal.o
 .ARM.attributes
                0x00000362       0x34 build/system_stm32f4xx.o
 .ARM.attributes
                0x00000396       0x34 build/sysmem.o
 .ARM.attributes
                0x000003ca       0x34 build/syscalls.o
 .ARM.attributes
                0x000003fe       0x34 build/gpio.o
 .ARM.attributes
                0x00000432       0x34 build/usart.o
 .ARM.attributes
                0x00000466       0x34 build/crc.o
 .ARM.attributes
                0x0000049a       0x34 build/stm32f4xx_hal_crc.o
 .ARM.attributes
                0x000004ce       0x34 build/spi.o
 .ARM.attributes
                0x00000502       0x34 build/stm32f4xx_hal_spi.o
 .ARM.attributes
                0x00000536       0x21 build/startup_stm32f401xe.o
 .ARM.attributes
                0x00000557       0x34 /usr/lib/gcc/arm-none-eabi/13.2.1/../../../arm-none-eabi/lib/thumb/v7e-m+fp/hard/libc_nano.a(libc_a-impure.o)
 .ARM.attributes
                0x0000058b       0x34 /usr/lib/gcc/arm-none-eabi/13.2.1/../../../arm-none-eabi/lib/thumb/v7e-m+fp/hard/libc_nano.a(libc_a-init.o)
 .ARM.attributes
                0x000005bf       0x34 /usr/lib/gcc/arm-none-eabi/13.2.1/../../../arm-none-eabi/lib/thumb/v7e-m+fp/hard/libc_nano.a(libc_a-puts.o)
 .ARM.attributes
                0x000005f3       0x34 /usr/lib/gcc/arm-none-eabi/13.2.1/../../../arm-none-eabi/lib/thumb/v7e-m+fp/hard/libc_nano.a(libc_a-findfp.o)
 .ARM.attributes
                0x00000627       0x34 /usr/lib/gcc/arm-none-eabi/13.2.1/../../../arm-none-eabi/lib/thumb/v7e-m+fp/hard/libc_nano.a(libc_a-memset.o)
 .ARM.attributes
                0x0000065b       0x34 /usr/lib/gcc/arm-none-eabi/13.2.1/../../../arm-none-eabi/lib/thumb/v7e-m+fp/hard/libc_nano.a(libc_a-fflush.o)
 .ARM.attributes
                0x0000068f       0x34 /usr/lib/gcc/arm-none-eabi/13.2.1/../../../arm-none-eabi/lib/thumb/v7e-m+fp/hard/libc_nano.a(libc_a-errno.o)
 .ARM.attributes
                0x000006c3       0x34 /usr/lib/gcc/arm-none-eabi/13.2.1/../../../arm-none-eabi/lib/thumb/v7e-m+fp/hard/libc_nano.a(libc_a-mallocr.o)
 .ARM.attributes
                0x000006f7       0x34 /usr/lib/gcc/arm-none-eabi/13.2.1/../../../arm-none-eabi/lib/thumb/v7e-m+fp/hard/libc_nano.a(libc_a-freer.o)
 .ARM.attributes
                0x0000072b       0x34 /usr/lib/gcc/arm-none-eabi/13.2.1/../../../arm-none-eabi/lib/thumb/v7e-m+fp/hard/libc_nano.a(libc_a-fwalk.o)
 .ARM.attributes
                0x0000075f       0x34 /usr/lib/gcc/arm-none-eabi/13.2.1/../../../arm-none-eabi/lib/thumb/v7e-m+fp/hard/libc_nano.a(libc_a-wsetup.o)
 .ARM.attributes
                0x00000793       0x34 /usr/lib/gcc/arm-none-eabi/13.2.1/../../../arm-none-eabi/lib/thumb/v7e-m+fp/hard/libc_nano.a(libc_a-setvbuf.o)
 .ARM.attributes
                0x000007c7       0x20 /usr/lib/gcc/arm-none-eabi/13.2.1/../../../arm-none-eabi/lib/thumb/v7e-m+fp/hard/libc_nano.a(libc_a-memcpy.o)
 .ARM.attributes
                0x000007e7       0x34 /usr/lib/gcc/arm-none-eabi/13.2.1/../../../arm-none-eabi/lib/thumb/v7e-m+fp/hard/libc_nano.a(libc_a-malloc.o)
 .ARM.attributes
                0x0000081b       0x34 /usr/lib/gcc/arm-none-eabi/13.2.1/../../../arm-none-eabi/lib/thumb/v7e-m+fp/hard/libc_nano.a(libc_a-mlock.o)
 .ARM.attributes
                0x0000084f       0x34 /usr/lib/gcc/arm-none-eabi/13.2.1/../../../arm-none-eabi/lib/thumb/v7e-m+fp/hard/libc_nano.a(libc_a-makebuf.o)
 .ARM.attributes
                0x00000883       0x34 /usr/lib/gcc/arm-none-eabi/13.2.1/../../../arm-none-eabi/lib/thumb/v7e-m+fp/hard/libc_nano.a(libc_a-printf.o)
 .ARM.attributes
                0x000008b7       0x34 /usr/lib/gcc/arm-none-eabi/13.2.1/../../../arm-none-eabi/lib/thumb/v7e-m+fp/hard/libc_nano.a(libc_a-isattyr.o)
 .ARM.attributes
                0x000008eb       0x34 /usr/lib/gcc/arm-none-eabi/13.2.1/../../../arm-none-eabi/lib/thumb/v7e-m+fp/hard/libc_nano.a(libc_a-nano-vfprintf.o)
 .ARM.attributes
                0x0000091f       0x34 /usr/lib/gcc/arm-none-eabi/13.2.1/../../../arm-none-eabi/lib/thumb/v7e-m+fp/hard/libc_nano.a(libc_a-wbuf.o)
 .ARM.attributes
                0x00000953       0x34 /usr/lib/gcc/arm-none-eabi/13.2.1/../../../arm-none-eabi/lib/thumb/v7e-m+fp/hard/libc_nano.a(libc_a-sbrkr.o)
 .ARM.attributes
                0x00000987       0x34 /usr/lib/gcc/arm-none-eabi/13.2.1/../../../arm-none-eabi/lib/thumb/v7e-m+fp/hard/libc_nano.a(libc_a-stdio.o)
 .ARM.attributes
                0x000009bb       0x34 /usr/lib/gcc/arm-none-eabi/13.2.1/../../../arm-none-eabi/lib/thumb/v7e-m+fp/hard/libc_nano.a(libc_a-fvwrite.o)
 .ARM.attributes
                0x000009ef       0x34 /usr/lib/gcc/arm-none-eabi/13.2.1/../../../arm-none-eabi/lib/thumb/v7e-m+fp/hard/libc_nano.a(libc_a-closer.o)
 .ARM.attributes
                0x00000a23       0x34 /usr/lib/gcc/arm-none-eabi/13.2.1/../../../arm-none-eabi/lib/thumb/v7e-m+fp/hard/libc_nano.a(libc_a-memmove.o)
 .ARM.attributes
                0x00000a57       0x1c /usr/lib/gcc/arm-none-eabi/13.2.1/../../../arm-none-eabi/lib/thumb/v7e-m+fp/hard/libc_nano.a(libc_a-memchr.o)
 .ARM.attributes
                0x00000a73       0x34 /usr/lib/gcc/arm-none-eabi/13.2.1/../../../arm-none-eabi/lib/thumb/v7e-m+fp/hard/libc_nano.a(libc_a-readr.o)
 .ARM.attributes
                0x00000aa7       0x34 /usr/lib/gcc/arm-none-eabi/13.2.1/../../../arm-none-eabi/lib/thumb/v7e-m+fp/hard/libc_nano.a(libc_a-reent.o)
 .ARM.attributes
                0x00000adb       0x34 /usr/lib/gcc/arm-none-eabi/13.2.1/../../../arm-none-eabi/lib/thumb/v7e-m+fp/hard/libc_nano.a(libc_a-reallocr.o)
 .ARM.attributes
                0x00000b0f       0x34 /usr/lib/gcc/arm-none-eabi/13.2.1/../../../arm-none-eabi/lib/thumb/v7e-m+fp/hard/libc_nano.a(libc_a-nano-vfprintf_i.o)
 .ARM.attributes
                0x00000b43       0x34 /usr/lib/gcc/arm-none-eabi/13.2.1/../../../arm-none-eabi/lib/thumb/v7e-m+fp/hard/libc_nano.a(libc_a-fstatr.o)
 .ARM.attributes
                0x00000b77       0x34 /usr/lib/gcc/arm-none-eabi/13.2.1/../../../arm-none-eabi/lib/thumb/v7e-m+fp/hard/libc_nano.a(libc_a-lseekr.o)
 .ARM.attributes
                0x00000bab       0x34 /usr/lib/gcc/arm-none-eabi/13.2.1/../../../arm-none-eabi/lib/thumb/v7e-m+fp/hard/libc_nano.a(libc_a-writer.o)
 .ARM.attributes
                0x00000bdf       0x34 /usr/lib/gcc/arm-none-eabi/13.2.1/../../../arm-none-eabi/lib/thumb/v7e-m+fp/hard/libc_nano.a(libc_a-msizer.o)
 .ARM.attributes
                0x00000c13       0x22 /usr/lib/gcc/arm-none-eabi/13.2.1/thumb/v7e-m+fp/hard/libgcc.a(_aeabi_uldivmod.o)
 .ARM.attributes
                0x00000c35       0x34 /usr/lib/gcc/arm-none-eabi/13.2.1/thumb/v7e-m+fp/hard/libgcc.a(_udivmoddi4.o)
 .ARM.attributes
                0x00000c69       0x22 /usr/lib/gcc/arm-none-eabi/13.2.1/thumb/v7e-m+fp/hard/libgcc.a(_dvmd_tls.o)
 .ARM.attributes
                0x00000c8b       0x34 /usr/lib/gcc/arm-none-eabi/13.2.1/thumb/v7e-m+fp/hard/crtend.o
 .ARM.attributes
                0x00000cbf       0x22 /usr/lib/gcc/arm-none-eabi/13.2.1/thumb/v7e-m+fp/hard/crtn.o

.comment        0x00000000       0x26
 .comment       0x00000000       0x26 /usr/lib/gcc/arm-none-eabi/13.2.1/thumb/v7e-m+fp/hard/crtbegin.o
                                 0x27 (size before relaxing)
 .comment       0x00000026       0x27 build/main.o
 .comment       0x00000026       0x27 build/bootloader.o
 .comment       0x00000026       0x27 build/st7789_bootloader.o
 .comment       0x00000026       0x27 build/st7789.o
 .comment       0x00000026       0x27 build/fonts.o
 .comment       0x00000026       0x27 build/stm32f4xx_it.o
 .comment       0x00000026       0x27 build/stm32f4xx_hal_msp.o
 .comment       0x00000026       0x27 build/stm32f4xx_hal_uart.o
 .comment       0x00000026       0x27 build/stm32f4xx_hal_rcc.o
 .comment       0x00000026       0x27 build/stm32f4xx_hal_rcc_ex.o
 .comment       0x00000026       0x27 build/stm32f4xx_hal_flash.o
 .comment       0x00000026       0x27 build/stm32f4xx_hal_flash_ex.o
 .comment       0x00000026       0x27 build/stm32f4xx_hal_gpio.o
 .comment       0x00000026       0x27 build/stm32f4xx_hal_cortex.o
 .comment       0x00000026       0x27 build/stm32f4xx_hal.o
 .comment       0x00000026       0x27 build/system_stm32f4xx.o
 .comment       0x00000026       0x27 build/sysmem.o
 .comment       0x00000026       0x27 build/syscalls.o
 .comment       0x00000026       0x27 build/gpio.o
 .comment       0x00000026       0x27 build/usart.o
 .comment       0x00000026       0x27 build/crc.o
 .comment       0x00000026       0x27 build/stm32f4xx_hal_crc.o
 .comment       0x00000026       0x27 build/spi.o
 .comment       0x00000026       0x27 build/stm32f4xx_hal_spi.o
 .comment       0x00000026       0x27 /usr/lib/gcc/arm-none-eabi/13.2.1/../../../arm-none-eabi/lib/thumb/v7e-m+fp/hard/libc_nano.a(libc_a-impure.o)
 .comment       0x00000026       0x27 /usr/lib/gcc/arm-none-eabi/13.2.1/../../../arm-none-eabi/lib/thumb/v7e-m+fp/hard/libc_nano.a(libc_a-init.o)
 .comment       0x00000026       0x27 /usr/lib/gcc/arm-none-eabi/13.2.1/../../../arm-none-eabi/lib/thumb/v7e-m+fp/hard/libc_nano.a(libc_a-puts.o)
 .comment       0x00000026       0x27 /usr/lib/gcc/arm-none-eabi/13.2.1/../../../arm-none-eabi/lib/thumb/v7e-m+fp/hard/libc_nano.a(libc_a-findfp.o)
 .comment       0x00000026       0x27 /usr/lib/gcc/arm-none-eabi/13.2.1/../../../arm-none-eabi/lib/thumb/v7e-m+fp/hard/libc_nano.a(libc_a-memset.o)
 .comment       0x00000026       0x27 /usr/lib/gcc/arm-none-eabi/13.2.1/../../../arm-none-eabi/lib/thumb/v7e-m+fp/hard/libc_nano.a(libc_a-fflush.o)
 .comment       0x00000026       0x27 /usr/lib/gcc/arm-none-eabi/13.2.1/../../../arm-none-eabi/lib/thumb/v7e-m+fp/hard/libc_nano.a(libc_a-errno.o)
 .comment       0x00000026       0x27 /usr/lib/gcc/arm-none-eabi/13.2.1/../../../arm-none-eabi/lib/thumb/v7e-m+fp/hard/libc_nano.a(libc_a-mallocr.o)
 .comment       0x00000026       0x27 /usr/lib/gcc/arm-none-eabi/13.2.1/../../../arm-none-eabi/lib/thumb/v7e-m+fp/hard/libc_nano.a(libc_a-freer.o)
 .comment       0x00000026       0x27 /usr/lib/gcc/arm-none-eabi/13.2.1/../../../arm-none-eabi/lib/thumb/v7e-m+fp/hard/libc_nano.a(libc_a-fwalk.o)
 .comment       0x00000026       0x27 /usr/lib/gcc/arm-none-eabi/13.2.1/../../../arm-none-eabi/lib/thumb/v7e-m+fp/hard/libc_nano.a(libc_a-wsetup.o)
 .comment       0x00000026       0x27 /usr/lib/gcc/arm-none-eabi/13.2.1/../../../arm-none-eabi/lib/thumb/v7e-m+fp/hard/libc_nano.a(libc_a-setvbuf.o)
 .comment       0x00000026       0x27 /usr/lib/gcc/arm-none-eabi/13.2.1/../../../arm-none-eabi/lib/thumb/v7e-m+fp/hard/libc_nano.a(libc_a-malloc.o)
 .comment       0x00000026       0x27 /usr/lib/gcc/arm-none-eabi/13.2.1/../../../arm-none-eabi/lib/thumb/v7e-m+fp/hard/libc_nano.a(libc_a-mlock.o)
 .comment       0x00000026       0x27 /usr/lib/gcc/arm-none-eabi/13.2.1/../../../arm-none-eabi/lib/thumb/v7e-m+fp/hard/libc_nano.a(libc_a-makebuf.o)
 .comment       0x00000026       0x27 /usr/lib/gcc/arm-none-eabi/13.2.1/../../../arm-none-eabi/lib/thumb/v7e-m+fp/hard/libc_nano.a(libc_a-printf.o)
 .comment       0x00000026       0x27 /usr/lib/gcc/arm-none-eabi/13.2.1/../../../arm-none-eabi/lib/thumb/v7e-m+fp/hard/libc_nano.a(libc_a-isattyr.o)
 .comment       0x00000026       0x27 /usr/lib/gcc/arm-none-eabi/13.2.1/../../../arm-none-eabi/lib/thumb/v7e-m+fp/hard/libc_nano.a(libc_a-nano-vfprintf.o)
 .comment       0x00000026       0x27 /usr/lib/gcc/arm-none-eabi/13.2.1/../../../arm-none-eabi/lib/thumb/v7e-m+fp/hard/libc_nano.a(libc_a-wbuf.o)
 .comment       0x00000026       0x27 /usr/lib/gcc/arm-none-eabi/13.2.1/../../../arm-none-eabi/lib/thumb/v7e-m+fp/hard/libc_nano.a(libc_a-sbrkr.o)
 .comment       0x00000026       0x27 /usr/lib/gcc/arm-none-eabi/13.2.1/../../../arm-none-eabi/lib/thumb/v7e-m+fp/hard/libc_nano.a(libc_a-stdio.o)
 .comment       0x00000026       0x27 /usr/lib/gcc/arm-none-eabi/13.2.1/../../../arm-none-eabi/lib/thumb/v7e-m+fp/hard/libc_nano.a(libc_a-fvwrite.o)
 .comment       0x00000026       0x27 /usr/lib/gcc/arm-none-eabi/13.2.1/../../../arm-none-eabi/lib/thumb/v7e-m+fp/hard/libc_nano.a(libc_a-closer.o)
 .comment       0x00000026       0x27 /usr/lib/gcc/arm-none-eabi/13.2.1/../../../arm-none-eabi/lib/thumb/v7e-m+fp/hard/libc_nano.a(libc_a-memmove.o)
 .comment       0x00000026       0x27 /usr/lib/gcc/arm-none-eabi/13.2.1/../../../arm-none-eabi/lib/thumb/v7e-m+fp/hard/libc_nano.a(libc_a-readr.o)
 .comment       0x00000026       0x27 /usr/lib/gcc/arm-none-eabi/13.2.1/../../../arm-none-eabi/lib/thumb/v7e-m+fp/hard/libc_nano.a(libc_a-reent.o)
 .comment       0x00000026       0x27 /usr/lib/gcc/arm-none-eabi/13.2.1/../../../arm-none-eabi/lib/thumb/v7e-m+fp/hard/libc_nano.a(libc_a-reallocr.o)
 .comment       0x00000026       0x27 /usr/lib/gcc/arm-none-eabi/13.2.1/../../../arm-none-eabi/lib/thumb/v7e-m+fp/hard/libc_nano.a(libc_a-nano-vfprintf_i.o)
 .comment       0x00000026       0x27 /usr/lib/gcc/arm-none-eabi/13.2.1/../../../arm-none-eabi/lib/thumb/v7e-m+fp/hard/libc_nano.a(libc_a-fstatr.o)
 .comment       0x00000026       0x27 /usr/lib/gcc/arm-none-eabi/13.2.1/../../../arm-none-eabi/lib/thumb/v7e-m+fp/hard/libc_nano.a(libc_a-lseekr.o)
 .comment       0x00000026       0x27 /usr/lib/gcc/arm-none-eabi/13.2.1/../../../arm-none-eabi/lib/thumb/v7e-m+fp/hard/libc_nano.a(libc_a-writer.o)
 .comment       0x00000026       0x27 /usr/lib/gcc/arm-none-eabi/13.2.1/../../../arm-none-eabi/lib/thumb/v7e-m+fp/hard/libc_nano.a(libc_a-msizer.o)
 .comment       0x00000026       0x27 /usr/lib/gcc/arm-none-eabi/13.2.1/thumb/v7e-m+fp/hard/libgcc.a(_udivmoddi4.o)
 .comment       0x00000026       0x27 /usr/lib/gcc/arm-none-eabi/13.2.1/thumb/v7e-m+fp/hard/crtend.o

.debug_info     0x00000000    0x25b80
 .debug_info    0x00000000     0x1cd1 build/main.o
 .debug_info    0x00001cd1     0x10a3 build/bootloader.o
 .debug_info    0x00002d74      0x60a build/st7789_bootloader.o
 .debug_info    0x0000337e     0x2ba1 build/st7789.o
 .debug_info    0x00005f1f      0x1f0 build/fonts.o
 .debug_info    0x0000610f      0x157 build/stm32f4xx_it.o
 .debug_info    0x00006266      0x311 build/stm32f4xx_hal_msp.o
 .debug_info    0x00006577     0x437d build/stm32f4xx_hal_uart.o
 .debug_info    0x0000a8f4      0xc1c build/stm32f4xx_hal_rcc.o
 .debug_info    0x0000b510      0x72a build/stm32f4xx_hal_rcc_ex.o
 .debug_info    0x0000bc3a      0x7a3 build/stm32f4xx_hal_flash.o
 .debug_info    0x0000c3dd      0xa96 build/stm32f4xx_hal_flash_ex.o
 .debug_info    0x0000ce73      0x84e build/stm32f4xx_hal_gpio.o
 .debug_info    0x0000d6c1     0x1126 build/stm32f4xx_hal_cortex.o
 .debug_info    0x0000e7e7      0xa7e build/stm32f4xx_hal.o
 .debug_info    0x0000f265      0x5cd build/system_stm32f4xx.o
 .debug_info    0x0000f832      0x174 build/sysmem.o
 .debug_info    0x0000f9a6      0x848 build/syscalls.o
 .debug_info    0x000101ee      0x599 build/gpio.o
 .debug_info    0x00010787      0xbe5 build/usart.o
 .debug_info    0x0001136c      0x50a build/crc.o
 .debug_info    0x00011876      0x3fd build/stm32f4xx_hal_crc.o
 .debug_info    0x00011c73      0xb5c build/spi.o
 .debug_info    0x000127cf     0x1f54 build/stm32f4xx_hal_spi.o
 .debug_info    0x00014723       0x30 build/startup_stm32f401xe.o
 .debug_info    0x00014753      0x70b /usr/lib/gcc/arm-none-eabi/13.2.1/../../../arm-none-eabi/lib/thumb/v7e-m+fp/hard/libc_nano.a(libc_a-impure.o)
 .debug_info    0x00014e5e      0x10b /usr/lib/gcc/arm-none-eabi/13.2.1/../../../arm-none-eabi/lib/thumb/v7e-m+fp/hard/libc_nano.a(libc_a-init.o)
 .debug_info    0x00014f69      0x8f8 /usr/lib/gcc/arm-none-eabi/13.2.1/../../../arm-none-eabi/lib/thumb/v7e-m+fp/hard/libc_nano.a(libc_a-puts.o)
 .debug_info    0x00015861      0xe8c /usr/lib/gcc/arm-none-eabi/13.2.1/../../../arm-none-eabi/lib/thumb/v7e-m+fp/hard/libc_nano.a(libc_a-findfp.o)
 .debug_info    0x000166ed      0x135 /usr/lib/gcc/arm-none-eabi/13.2.1/../../../arm-none-eabi/lib/thumb/v7e-m+fp/hard/libc_nano.a(libc_a-memset.o)
 .debug_info    0x00016822      0xa33 /usr/lib/gcc/arm-none-eabi/13.2.1/../../../arm-none-eabi/lib/thumb/v7e-m+fp/hard/libc_nano.a(libc_a-fflush.o)
 .debug_info    0x00017255      0x6f1 /usr/lib/gcc/arm-none-eabi/13.2.1/../../../arm-none-eabi/lib/thumb/v7e-m+fp/hard/libc_nano.a(libc_a-errno.o)
 .debug_info    0x00017946      0x9b6 /usr/lib/gcc/arm-none-eabi/13.2.1/../../../arm-none-eabi/lib/thumb/v7e-m+fp/hard/libc_nano.a(libc_a-mallocr.o)
 .debug_info    0x000182fc      0x87f /usr/lib/gcc/arm-none-eabi/13.2.1/../../../arm-none-eabi/lib/thumb/v7e-m+fp/hard/libc_nano.a(libc_a-freer.o)
 .debug_info    0x00018b7b      0x7c8 /usr/lib/gcc/arm-none-eabi/13.2.1/../../../arm-none-eabi/lib/thumb/v7e-m+fp/hard/libc_nano.a(libc_a-fwalk.o)
 .debug_info    0x00019343      0x7b1 /usr/lib/gcc/arm-none-eabi/13.2.1/../../../arm-none-eabi/lib/thumb/v7e-m+fp/hard/libc_nano.a(libc_a-wsetup.o)
 .debug_info    0x00019af4      0x8fc /usr/lib/gcc/arm-none-eabi/13.2.1/../../../arm-none-eabi/lib/thumb/v7e-m+fp/hard/libc_nano.a(libc_a-setvbuf.o)
 .debug_info    0x0001a3f0       0x33 /usr/lib/gcc/arm-none-eabi/13.2.1/../../../arm-none-eabi/lib/thumb/v7e-m+fp/hard/libc_nano.a(libc_a-memcpy.o)
 .debug_info    0x0001a423      0x796 /usr/lib/gcc/arm-none-eabi/13.2.1/../../../arm-none-eabi/lib/thumb/v7e-m+fp/hard/libc_nano.a(libc_a-malloc.o)
 .debug_info    0x0001abb9      0x71c /usr/lib/gcc/arm-none-eabi/13.2.1/../../../arm-none-eabi/lib/thumb/v7e-m+fp/hard/libc_nano.a(libc_a-mlock.o)
 .debug_info    0x0001b2d5      0xbe6 /usr/lib/gcc/arm-none-eabi/13.2.1/../../../arm-none-eabi/lib/thumb/v7e-m+fp/hard/libc_nano.a(libc_a-makebuf.o)
 .debug_info    0x0001bebb      0x837 /usr/lib/gcc/arm-none-eabi/13.2.1/../../../arm-none-eabi/lib/thumb/v7e-m+fp/hard/libc_nano.a(libc_a-printf.o)
 .debug_info    0x0001c6f2      0x752 /usr/lib/gcc/arm-none-eabi/13.2.1/../../../arm-none-eabi/lib/thumb/v7e-m+fp/hard/libc_nano.a(libc_a-isattyr.o)
 .debug_info    0x0001ce44     0x108a /usr/lib/gcc/arm-none-eabi/13.2.1/../../../arm-none-eabi/lib/thumb/v7e-m+fp/hard/libc_nano.a(libc_a-nano-vfprintf.o)
 .debug_info    0x0001dece      0x863 /usr/lib/gcc/arm-none-eabi/13.2.1/../../../arm-none-eabi/lib/thumb/v7e-m+fp/hard/libc_nano.a(libc_a-wbuf.o)
 .debug_info    0x0001e731      0x778 /usr/lib/gcc/arm-none-eabi/13.2.1/../../../arm-none-eabi/lib/thumb/v7e-m+fp/hard/libc_nano.a(libc_a-sbrkr.o)
 .debug_info    0x0001eea9      0xa80 /usr/lib/gcc/arm-none-eabi/13.2.1/../../../arm-none-eabi/lib/thumb/v7e-m+fp/hard/libc_nano.a(libc_a-stdio.o)
 .debug_info    0x0001f929      0xaf1 /usr/lib/gcc/arm-none-eabi/13.2.1/../../../arm-none-eabi/lib/thumb/v7e-m+fp/hard/libc_nano.a(libc_a-fvwrite.o)
 .debug_info    0x0002041a      0x752 /usr/lib/gcc/arm-none-eabi/13.2.1/../../../arm-none-eabi/lib/thumb/v7e-m+fp/hard/libc_nano.a(libc_a-closer.o)
 .debug_info    0x00020b6c      0x148 /usr/lib/gcc/arm-none-eabi/13.2.1/../../../arm-none-eabi/lib/thumb/v7e-m+fp/hard/libc_nano.a(libc_a-memmove.o)
 .debug_info    0x00020cb4       0x25 /usr/lib/gcc/arm-none-eabi/13.2.1/../../../arm-none-eabi/lib/thumb/v7e-m+fp/hard/libc_nano.a(libc_a-memchr.o)
 .debug_info    0x00020cd9      0x7b5 /usr/lib/gcc/arm-none-eabi/13.2.1/../../../arm-none-eabi/lib/thumb/v7e-m+fp/hard/libc_nano.a(libc_a-readr.o)
 .debug_info    0x0002148e      0x89f /usr/lib/gcc/arm-none-eabi/13.2.1/../../../arm-none-eabi/lib/thumb/v7e-m+fp/hard/libc_nano.a(libc_a-reent.o)
 .debug_info    0x00021d2d      0x8cd /usr/lib/gcc/arm-none-eabi/13.2.1/../../../arm-none-eabi/lib/thumb/v7e-m+fp/hard/libc_nano.a(libc_a-reallocr.o)
 .debug_info    0x000225fa      0xdd7 /usr/lib/gcc/arm-none-eabi/13.2.1/../../../arm-none-eabi/lib/thumb/v7e-m+fp/hard/libc_nano.a(libc_a-nano-vfprintf_i.o)
 .debug_info    0x000233d1      0x977 /usr/lib/gcc/arm-none-eabi/13.2.1/../../../arm-none-eabi/lib/thumb/v7e-m+fp/hard/libc_nano.a(libc_a-fstatr.o)
 .debug_info    0x00023d48      0x79e /usr/lib/gcc/arm-none-eabi/13.2.1/../../../arm-none-eabi/lib/thumb/v7e-m+fp/hard/libc_nano.a(libc_a-lseekr.o)
 .debug_info    0x000244e6      0x7bb /usr/lib/gcc/arm-none-eabi/13.2.1/../../../arm-none-eabi/lib/thumb/v7e-m+fp/hard/libc_nano.a(libc_a-writer.o)
 .debug_info    0x00024ca1      0x78a /usr/lib/gcc/arm-none-eabi/13.2.1/../../../arm-none-eabi/lib/thumb/v7e-m+fp/hard/libc_nano.a(libc_a-msizer.o)
 .debug_info    0x0002542b       0x24 /usr/lib/gcc/arm-none-eabi/13.2.1/thumb/v7e-m+fp/hard/libgcc.a(_aeabi_uldivmod.o)
 .debug_info    0x0002544f      0x6f5 /usr/lib/gcc/arm-none-eabi/13.2.1/thumb/v7e-m+fp/hard/libgcc.a(_udivmoddi4.o)
 .debug_info    0x00025b44       0x3c /usr/lib/gcc/arm-none-eabi/13.2.1/thumb/v7e-m+fp/hard/libgcc.a(_dvmd_tls.o)

.debug_abbrev   0x00000000     0x74e7
 .debug_abbrev  0x00000000      0x3a0 build/main.o
 .debug_abbrev  0x000003a0      0x395 build/bootloader.o
 .debug_abbrev  0x00000735      0x1db build/st7789_bootloader.o
 .debug_abbrev  0x00000910      0x2e3 build/st7789.o
 .debug_abbrev  0x00000bf3       0xc9 build/fonts.o
 .debug_abbrev  0x00000cbc       0x80 build/stm32f4xx_it.o
 .debug_abbrev  0x00000d3c       0xd3 build/stm32f4xx_hal_msp.o
 .debug_abbrev  0x00000e0f      0x377 build/stm32f4xx_hal_uart.o
 .debug_abbrev  0x00001186      0x2de build/stm32f4xx_hal_rcc.o
 .debug_abbrev  0x00001464      0x1dc build/stm32f4xx_hal_rcc_ex.o
 .debug_abbrev  0x00001640      0x2d1 build/stm32f4xx_hal_flash.o
 .debug_abbrev  0x00001911      0x2ab build/stm32f4xx_hal_flash_ex.o
 .debug_abbrev  0x00001bbc      0x22b build/stm32f4xx_hal_gpio.o
 .debug_abbrev  0x00001de7      0x3ca build/stm32f4xx_hal_cortex.o
 .debug_abbrev  0x000021b1      0x275 build/stm32f4xx_hal.o
 .debug_abbrev  0x00002426      0x11b build/system_stm32f4xx.o
 .debug_abbrev  0x00002541       0xeb build/sysmem.o
 .debug_abbrev  0x0000262c      0x1e3 build/syscalls.o
 .debug_abbrev  0x0000280f      0x160 build/gpio.o
 .debug_abbrev  0x0000296f      0x20f build/usart.o
 .debug_abbrev  0x00002b7e      0x1de build/crc.o
 .debug_abbrev  0x00002d5c      0x1ba build/stm32f4xx_hal_crc.o
 .debug_abbrev  0x00002f16      0x20f build/spi.o
 .debug_abbrev  0x00003125      0x2be build/stm32f4xx_hal_spi.o
 .debug_abbrev  0x000033e3       0x1d build/startup_stm32f401xe.o
 .debug_abbrev  0x00003400      0x149 /usr/lib/gcc/arm-none-eabi/13.2.1/../../../arm-none-eabi/lib/thumb/v7e-m+fp/hard/libc_nano.a(libc_a-impure.o)
 .debug_abbrev  0x00003549       0xc9 /usr/lib/gcc/arm-none-eabi/13.2.1/../../../arm-none-eabi/lib/thumb/v7e-m+fp/hard/libc_nano.a(libc_a-init.o)
 .debug_abbrev  0x00003612      0x29c /usr/lib/gcc/arm-none-eabi/13.2.1/../../../arm-none-eabi/lib/thumb/v7e-m+fp/hard/libc_nano.a(libc_a-puts.o)
 .debug_abbrev  0x000038ae      0x408 /usr/lib/gcc/arm-none-eabi/13.2.1/../../../arm-none-eabi/lib/thumb/v7e-m+fp/hard/libc_nano.a(libc_a-findfp.o)
 .debug_abbrev  0x00003cb6       0xb7 /usr/lib/gcc/arm-none-eabi/13.2.1/../../../arm-none-eabi/lib/thumb/v7e-m+fp/hard/libc_nano.a(libc_a-memset.o)
 .debug_abbrev  0x00003d6d      0x2e4 /usr/lib/gcc/arm-none-eabi/13.2.1/../../../arm-none-eabi/lib/thumb/v7e-m+fp/hard/libc_nano.a(libc_a-fflush.o)
 .debug_abbrev  0x00004051      0x15e /usr/lib/gcc/arm-none-eabi/13.2.1/../../../arm-none-eabi/lib/thumb/v7e-m+fp/hard/libc_nano.a(libc_a-errno.o)
 .debug_abbrev  0x000041af      0x24a /usr/lib/gcc/arm-none-eabi/13.2.1/../../../arm-none-eabi/lib/thumb/v7e-m+fp/hard/libc_nano.a(libc_a-mallocr.o)
 .debug_abbrev  0x000043f9      0x249 /usr/lib/gcc/arm-none-eabi/13.2.1/../../../arm-none-eabi/lib/thumb/v7e-m+fp/hard/libc_nano.a(libc_a-freer.o)
 .debug_abbrev  0x00004642      0x19b /usr/lib/gcc/arm-none-eabi/13.2.1/../../../arm-none-eabi/lib/thumb/v7e-m+fp/hard/libc_nano.a(libc_a-fwalk.o)
 .debug_abbrev  0x000047dd      0x1e2 /usr/lib/gcc/arm-none-eabi/13.2.1/../../../arm-none-eabi/lib/thumb/v7e-m+fp/hard/libc_nano.a(libc_a-wsetup.o)
 .debug_abbrev  0x000049bf      0x250 /usr/lib/gcc/arm-none-eabi/13.2.1/../../../arm-none-eabi/lib/thumb/v7e-m+fp/hard/libc_nano.a(libc_a-setvbuf.o)
 .debug_abbrev  0x00004c0f       0x28 /usr/lib/gcc/arm-none-eabi/13.2.1/../../../arm-none-eabi/lib/thumb/v7e-m+fp/hard/libc_nano.a(libc_a-memcpy.o)
 .debug_abbrev  0x00004c37      0x1cf /usr/lib/gcc/arm-none-eabi/13.2.1/../../../arm-none-eabi/lib/thumb/v7e-m+fp/hard/libc_nano.a(libc_a-malloc.o)
 .debug_abbrev  0x00004e06      0x192 /usr/lib/gcc/arm-none-eabi/13.2.1/../../../arm-none-eabi/lib/thumb/v7e-m+fp/hard/libc_nano.a(libc_a-mlock.o)
 .debug_abbrev  0x00004f98      0x29d /usr/lib/gcc/arm-none-eabi/13.2.1/../../../arm-none-eabi/lib/thumb/v7e-m+fp/hard/libc_nano.a(libc_a-makebuf.o)
 .debug_abbrev  0x00005235      0x21a /usr/lib/gcc/arm-none-eabi/13.2.1/../../../arm-none-eabi/lib/thumb/v7e-m+fp/hard/libc_nano.a(libc_a-printf.o)
 .debug_abbrev  0x0000544f      0x1b0 /usr/lib/gcc/arm-none-eabi/13.2.1/../../../arm-none-eabi/lib/thumb/v7e-m+fp/hard/libc_nano.a(libc_a-isattyr.o)
 .debug_abbrev  0x000055ff      0x36e /usr/lib/gcc/arm-none-eabi/13.2.1/../../../arm-none-eabi/lib/thumb/v7e-m+fp/hard/libc_nano.a(libc_a-nano-vfprintf.o)
 .debug_abbrev  0x0000596d      0x236 /usr/lib/gcc/arm-none-eabi/13.2.1/../../../arm-none-eabi/lib/thumb/v7e-m+fp/hard/libc_nano.a(libc_a-wbuf.o)
 .debug_abbrev  0x00005ba3      0x1da /usr/lib/gcc/arm-none-eabi/13.2.1/../../../arm-none-eabi/lib/thumb/v7e-m+fp/hard/libc_nano.a(libc_a-sbrkr.o)
 .debug_abbrev  0x00005d7d      0x224 /usr/lib/gcc/arm-none-eabi/13.2.1/../../../arm-none-eabi/lib/thumb/v7e-m+fp/hard/libc_nano.a(libc_a-stdio.o)
 .debug_abbrev  0x00005fa1      0x21b /usr/lib/gcc/arm-none-eabi/13.2.1/../../../arm-none-eabi/lib/thumb/v7e-m+fp/hard/libc_nano.a(libc_a-fvwrite.o)
 .debug_abbrev  0x000061bc      0x1b0 /usr/lib/gcc/arm-none-eabi/13.2.1/../../../arm-none-eabi/lib/thumb/v7e-m+fp/hard/libc_nano.a(libc_a-closer.o)
 .debug_abbrev  0x0000636c       0xc3 /usr/lib/gcc/arm-none-eabi/13.2.1/../../../arm-none-eabi/lib/thumb/v7e-m+fp/hard/libc_nano.a(libc_a-memmove.o)
 .debug_abbrev  0x0000642f       0x14 /usr/lib/gcc/arm-none-eabi/13.2.1/../../../arm-none-eabi/lib/thumb/v7e-m+fp/hard/libc_nano.a(libc_a-memchr.o)
 .debug_abbrev  0x00006443      0x1b0 /usr/lib/gcc/arm-none-eabi/13.2.1/../../../arm-none-eabi/lib/thumb/v7e-m+fp/hard/libc_nano.a(libc_a-readr.o)
 .debug_abbrev  0x000065f3      0x1ee /usr/lib/gcc/arm-none-eabi/13.2.1/../../../arm-none-eabi/lib/thumb/v7e-m+fp/hard/libc_nano.a(libc_a-reent.o)
 .debug_abbrev  0x000067e1      0x20c /usr/lib/gcc/arm-none-eabi/13.2.1/../../../arm-none-eabi/lib/thumb/v7e-m+fp/hard/libc_nano.a(libc_a-reallocr.o)
 .debug_abbrev  0x000069ed      0x284 /usr/lib/gcc/arm-none-eabi/13.2.1/../../../arm-none-eabi/lib/thumb/v7e-m+fp/hard/libc_nano.a(libc_a-nano-vfprintf_i.o)
 .debug_abbrev  0x00006c71      0x1c3 /usr/lib/gcc/arm-none-eabi/13.2.1/../../../arm-none-eabi/lib/thumb/v7e-m+fp/hard/libc_nano.a(libc_a-fstatr.o)
 .debug_abbrev  0x00006e34      0x1c4 /usr/lib/gcc/arm-none-eabi/13.2.1/../../../arm-none-eabi/lib/thumb/v7e-m+fp/hard/libc_nano.a(libc_a-lseekr.o)
 .debug_abbrev  0x00006ff8      0x1b5 /usr/lib/gcc/arm-none-eabi/13.2.1/../../../arm-none-eabi/lib/thumb/v7e-m+fp/hard/libc_nano.a(libc_a-writer.o)
 .debug_abbrev  0x000071ad      0x196 /usr/lib/gcc/arm-none-eabi/13.2.1/../../../arm-none-eabi/lib/thumb/v7e-m+fp/hard/libc_nano.a(libc_a-msizer.o)
 .debug_abbrev  0x00007343       0x14 /usr/lib/gcc/arm-none-eabi/13.2.1/thumb/v7e-m+fp/hard/libgcc.a(_aeabi_uldivmod.o)
 .debug_abbrev  0x00007357      0x16a /usr/lib/gcc/arm-none-eabi/13.2.1/thumb/v7e-m+fp/hard/libgcc.a(_udivmoddi4.o)
 .debug_abbrev  0x000074c1       0x26 /usr/lib/gcc/arm-none-eabi/13.2.1/thumb/v7e-m+fp/hard/libgcc.a(_dvmd_tls.o)

.debug_loc      0x00000000     0xd682
 .debug_loc     0x00000000      0x20f build/main.o
 .debug_loc     0x0000020f      0x62b build/bootloader.o
 .debug_loc     0x0000083a      0x294 build/st7789_bootloader.o
 .debug_loc     0x00000ace     0x1e8e build/st7789.o
 .debug_loc     0x0000295c       0x20 build/stm32f4xx_it.o
 .debug_loc     0x0000297c       0x2c build/stm32f4xx_hal_msp.o
 .debug_loc     0x000029a8     0x5040 build/stm32f4xx_hal_uart.o
 .debug_loc     0x000079e8      0x720 build/stm32f4xx_hal_rcc.o
 .debug_loc     0x00008108      0x478 build/stm32f4xx_hal_rcc_ex.o
 .debug_loc     0x00008580      0x44d build/stm32f4xx_hal_flash.o
 .debug_loc     0x000089cd      0x8c5 build/stm32f4xx_hal_flash_ex.o
 .debug_loc     0x00009292      0x60b build/stm32f4xx_hal_gpio.o
 .debug_loc     0x0000989d      0x8ff build/stm32f4xx_hal_cortex.o
 .debug_loc     0x0000a19c      0x1f9 build/stm32f4xx_hal.o
 .debug_loc     0x0000a395       0xbd build/system_stm32f4xx.o
 .debug_loc     0x0000a452       0x90 build/sysmem.o
 .debug_loc     0x0000a4e2      0x583 build/syscalls.o
 .debug_loc     0x0000aa65       0x38 build/gpio.o
 .debug_loc     0x0000aa9d      0x186 build/usart.o
 .debug_loc     0x0000ac23       0x4c build/crc.o
 .debug_loc     0x0000ac6f      0x2d5 build/stm32f4xx_hal_crc.o
 .debug_loc     0x0000af44      0x120 build/spi.o
 .debug_loc     0x0000b064     0x261e build/stm32f4xx_hal_spi.o

.debug_aranges  0x00000000     0x1160
 .debug_aranges
                0x00000000       0x38 build/main.o
 .debug_aranges
                0x00000038       0x58 build/bootloader.o
 .debug_aranges
                0x00000090       0x60 build/st7789_bootloader.o
 .debug_aranges
                0x000000f0       0xd0 build/st7789.o
 .debug_aranges
                0x000001c0       0x18 build/fonts.o
 .debug_aranges
                0x000001d8       0x60 build/stm32f4xx_it.o
 .debug_aranges
                0x00000238       0x20 build/stm32f4xx_hal_msp.o
 .debug_aranges
                0x00000258      0x208 build/stm32f4xx_hal_uart.o
 .debug_aranges
                0x00000460       0x88 build/stm32f4xx_hal_rcc.o
 .debug_aranges
                0x000004e8       0x48 build/stm32f4xx_hal_rcc_ex.o
 .debug_aranges
                0x00000530       0xa0 build/stm32f4xx_hal_flash.o
 .debug_aranges
                0x000005d0       0xc8 build/stm32f4xx_hal_flash_ex.o
 .debug_aranges
                0x00000698       0x58 build/stm32f4xx_hal_gpio.o
 .debug_aranges
                0x000006f0       0xf8 build/stm32f4xx_hal_cortex.o
 .debug_aranges
                0x000007e8       0xf0 build/stm32f4xx_hal.o
 .debug_aranges
                0x000008d8       0x28 build/system_stm32f4xx.o
 .debug_aranges
                0x00000900       0x20 build/sysmem.o
 .debug_aranges
                0x00000920       0xa8 build/syscalls.o
 .debug_aranges
                0x000009c8       0x20 build/gpio.o
 .debug_aranges
                0x000009e8       0x38 build/usart.o
 .debug_aranges
                0x00000a20       0x30 build/crc.o
 .debug_aranges
                0x00000a50       0x50 build/stm32f4xx_hal_crc.o
 .debug_aranges
                0x00000aa0       0x30 build/spi.o
 .debug_aranges
                0x00000ad0      0x1d0 build/stm32f4xx_hal_spi.o
 .debug_aranges
                0x00000ca0       0x28 build/startup_stm32f401xe.o
 .debug_aranges
                0x00000cc8       0x18 /usr/lib/gcc/arm-none-eabi/13.2.1/../../../arm-none-eabi/lib/thumb/v7e-m+fp/hard/libc_nano.a(libc_a-impure.o)
 .debug_aranges
                0x00000ce0       0x20 /usr/lib/gcc/arm-none-eabi/13.2.1/../../../arm-none-eabi/lib/thumb/v7e-m+fp/hard/libc_nano.a(libc_a-init.o)
 .debug_aranges
                0x00000d00       0x20 /usr/lib/gcc/arm-none-eabi/13.2.1/../../../arm-none-eabi/lib/thumb/v7e-m+fp/hard/libc_nano.a(libc_a-puts.o)
 .debug_aranges
                0x00000d20       0x20 /usr/lib/gcc/arm-none-eabi/13.2.1/../../../arm-none-eabi/lib/thumb/v7e-m+fp/hard/libc_nano.a(libc_a-findfp.o)
 .debug_aranges
                0x00000d40       0x20 /usr/lib/gcc/arm-none-eabi/13.2.1/../../../arm-none-eabi/lib/thumb/v7e-m+fp/hard/libc_nano.a(libc_a-memset.o)
 .debug_aranges
                0x00000d60       0x20 /usr/lib/gcc/arm-none-eabi/13.2.1/../../../arm-none-eabi/lib/thumb/v7e-m+fp/hard/libc_nano.a(libc_a-fflush.o)
 .debug_aranges
                0x00000d80       0x20 /usr/lib/gcc/arm-none-eabi/13.2.1/../../../arm-none-eabi/lib/thumb/v7e-m+fp/hard/libc_nano.a(libc_a-errno.o)
 .debug_aranges
                0x00000da0       0x20 /usr/lib/gcc/arm-none-eabi/13.2.1/../../../arm-none-eabi/lib/thumb/v7e-m+fp/hard/libc_nano.a(libc_a-mallocr.o)
 .debug_aranges
                0x00000dc0       0x20 /usr/lib/gcc/arm-none-eabi/13.2.1/../../../arm-none-eabi/lib/thumb/v7e-m+fp/hard/libc_nano.a(libc_a-freer.o)
 .debug_aranges
                0x00000de0       0x20 /usr/lib/gcc/arm-none-eabi/13.2.1/../../../arm-none-eabi/lib/thumb/v7e-m+fp/hard/libc_nano.a(libc_a-fwalk.o)
 .debug_aranges
                0x00000e00       0x20 /usr/lib/gcc/arm-none-eabi/13.2.1/../../../arm-none-eabi/lib/thumb/v7e-m+fp/hard/libc_nano.a(libc_a-wsetup.o)
 .debug_aranges
                0x00000e20       0x20 /usr/lib/gcc/arm-none-eabi/13.2.1/../../../arm-none-eabi/lib/thumb/v7e-m+fp/hard/libc_nano.a(libc_a-setvbuf.o)
 .debug_aranges
                0x00000e40       0x20 /usr/lib/gcc/arm-none-eabi/13.2.1/../../../arm-none-eabi/lib/thumb/v7e-m+fp/hard/libc_nano.a(libc_a-memcpy.o)
 .debug_aranges
                0x00000e60       0x20 /usr/lib/gcc/arm-none-eabi/13.2.1/../../../arm-none-eabi/lib/thumb/v7e-m+fp/hard/libc_nano.a(libc_a-malloc.o)
 .debug_aranges
                0x00000e80       0x20 /usr/lib/gcc/arm-none-eabi/13.2.1/../../../arm-none-eabi/lib/thumb/v7e-m+fp/hard/libc_nano.a(libc_a-mlock.o)
 .debug_aranges
                0x00000ea0       0x20 /usr/lib/gcc/arm-none-eabi/13.2.1/../../../arm-none-eabi/lib/thumb/v7e-m+fp/hard/libc_nano.a(libc_a-makebuf.o)
 .debug_aranges
                0x00000ec0       0x20 /usr/lib/gcc/arm-none-eabi/13.2.1/../../../arm-none-eabi/lib/thumb/v7e-m+fp/hard/libc_nano.a(libc_a-printf.o)
 .debug_aranges
                0x00000ee0       0x20 /usr/lib/gcc/arm-none-eabi/13.2.1/../../../arm-none-eabi/lib/thumb/v7e-m+fp/hard/libc_nano.a(libc_a-isattyr.o)
 .debug_aranges
                0x00000f00       0x20 /usr/lib/gcc/arm-none-eabi/13.2.1/../../../arm-none-eabi/lib/thumb/v7e-m+fp/hard/libc_nano.a(libc_a-nano-vfprintf.o)
 .debug_aranges
                0x00000f20       0x20 /usr/lib/gcc/arm-none-eabi/13.2.1/../../../arm-none-eabi/lib/thumb/v7e-m+fp/hard/libc_nano.a(libc_a-wbuf.o)
 .debug_aranges
                0x00000f40       0x20 /usr/lib/gcc/arm-none-eabi/13.2.1/../../../arm-none-eabi/lib/thumb/v7e-m+fp/hard/libc_nano.a(libc_a-sbrkr.o)
 .debug_aranges
                0x00000f60       0x20 /usr/lib/gcc/arm-none-eabi/13.2.1/../../../arm-none-eabi/lib/thumb/v7e-m+fp/hard/libc_nano.a(libc_a-stdio.o)
 .debug_aranges
                0x00000f80       0x20 /usr/lib/gcc/arm-none-eabi/13.2.1/../../../arm-none-eabi/lib/thumb/v7e-m+fp/hard/libc_nano.a(libc_a-fvwrite.o)
 .debug_aranges
                0x00000fa0       0x20 /usr/lib/gcc/arm-none-eabi/13.2.1/../../../arm-none-eabi/lib/thumb/v7e-m+fp/hard/libc_nano.a(libc_a-closer.o)
 .debug_aranges
                0x00000fc0       0x20 /usr/lib/gcc/arm-none-eabi/13.2.1/../../../arm-none-eabi/lib/thumb/v7e-m+fp/hard/libc_nano.a(libc_a-memmove.o)
 .debug_aranges
                0x00000fe0       0x20 /usr/lib/gcc/arm-none-eabi/13.2.1/../../../arm-none-eabi/lib/thumb/v7e-m+fp/hard/libc_nano.a(libc_a-memchr.o)
 .debug_aranges
                0x00001000       0x20 /usr/lib/gcc/arm-none-eabi/13.2.1/../../../arm-none-eabi/lib/thumb/v7e-m+fp/hard/libc_nano.a(libc_a-readr.o)
 .debug_aranges
                0x00001020       0x20 /usr/lib/gcc/arm-none-eabi/13.2.1/../../../arm-none-eabi/lib/thumb/v7e-m+fp/hard/libc_nano.a(libc_a-reent.o)
 .debug_aranges
                0x00001040       0x20 /usr/lib/gcc/arm-none-eabi/13.2.1/../../../arm-none-eabi/lib/thumb/v7e-m+fp/hard/libc_nano.a(libc_a-reallocr.o)
 .debug_aranges
                0x00001060       0x20 /usr/lib/gcc/arm-none-eabi/13.2.1/../../../arm-none-eabi/lib/thumb/v7e-m+fp/hard/libc_nano.a(libc_a-nano-vfprintf_i.o)
 .debug_aranges
                0x00001080       0x20 /usr/lib/gcc/arm-none-eabi/13.2.1/../../../arm-none-eabi/lib/thumb/v7e-m+fp/hard/libc_nano.a(libc_a-fstatr.o)
 .debug_aranges
                0x000010a0       0x20 /usr/lib/gcc/arm-none-eabi/13.2.1/../../../arm-none-eabi/lib/thumb/v7e-m+fp/hard/libc_nano.a(libc_a-lseekr.o)
 .debug_aranges
                0x000010c0       0x20 /usr/lib/gcc/arm-none-eabi/13.2.1/../../../arm-none-eabi/lib/thumb/v7e-m+fp/hard/libc_nano.a(libc_a-writer.o)
 .debug_aranges
                0x000010e0       0x20 /usr/lib/gcc/arm-none-eabi/13.2.1/../../../arm-none-eabi/lib/thumb/v7e-m+fp/hard/libc_nano.a(libc_a-msizer.o)
 .debug_aranges
                0x00001100       0x20 /usr/lib/gcc/arm-none-eabi/13.2.1/thumb/v7e-m+fp/hard/libgcc.a(_aeabi_uldivmod.o)
 .debug_aranges
                0x00001120       0x20 /usr/lib/gcc/arm-none-eabi/13.2.1/thumb/v7e-m+fp/hard/libgcc.a(_udivmoddi4.o)
 .debug_aranges
                0x00001140       0x20 /usr/lib/gcc/arm-none-eabi/13.2.1/thumb/v7e-m+fp/hard/libgcc.a(_dvmd_tls.o)

.debug_ranges   0x00000000      0xc18
 .debug_ranges  0x00000000       0x70 build/main.o
 .debug_ranges  0x00000070       0xc8 build/bootloader.o
 .debug_ranges  0x00000138       0x50 build/st7789_bootloader.o
 .debug_ranges  0x00000188       0xc0 build/st7789.o
 .debug_ranges  0x00000248       0x50 build/stm32f4xx_it.o
 .debug_ranges  0x00000298       0x10 build/stm32f4xx_hal_msp.o
 .debug_ranges  0x000002a8      0x1f8 build/stm32f4xx_hal_uart.o
 .debug_ranges  0x000004a0       0x90 build/stm32f4xx_hal_rcc.o
 .debug_ranges  0x00000530       0x38 build/stm32f4xx_hal_rcc_ex.o
 .debug_ranges  0x00000568       0x90 build/stm32f4xx_hal_flash.o
 .debug_ranges  0x000005f8       0xb8 build/stm32f4xx_hal_flash_ex.o
 .debug_ranges  0x000006b0       0x48 build/stm32f4xx_hal_gpio.o
 .debug_ranges  0x000006f8       0xe8 build/stm32f4xx_hal_cortex.o
 .debug_ranges  0x000007e0       0xe0 build/stm32f4xx_hal.o
 .debug_ranges  0x000008c0       0x18 build/system_stm32f4xx.o
 .debug_ranges  0x000008d8       0x10 build/sysmem.o
 .debug_ranges  0x000008e8       0x98 build/syscalls.o
 .debug_ranges  0x00000980       0x10 build/gpio.o
 .debug_ranges  0x00000990       0x28 build/usart.o
 .debug_ranges  0x000009b8       0x20 build/crc.o
 .debug_ranges  0x000009d8       0x40 build/stm32f4xx_hal_crc.o
 .debug_ranges  0x00000a18       0x20 build/spi.o
 .debug_ranges  0x00000a38      0x1c0 build/stm32f4xx_hal_spi.o
 .debug_ranges  0x00000bf8       0x20 build/startup_stm32f401xe.o

.debug_line     0x00000000    0x112b0
 .debug_line    0x00000000      0x553 build/main.o
 .debug_line    0x00000553      0x667 build/bootloader.o
 .debug_line    0x00000bba      0x220 build/st7789_bootloader.o
 .debug_line    0x00000dda      0xa63 build/st7789.o
 .debug_line    0x0000183d       0x7b build/fonts.o
 .debug_line    0x000018b8      0x13d build/stm32f4xx_it.o
 .debug_line    0x000019f5       0xd1 build/stm32f4xx_hal_msp.o
 .debug_line    0x00001ac6     0x348b build/stm32f4xx_hal_uart.o
 .debug_line    0x00004f51      0xb38 build/stm32f4xx_hal_rcc.o
 .debug_line    0x00005a89      0x5f1 build/stm32f4xx_hal_rcc_ex.o
 .debug_line    0x0000607a      0x6cd build/stm32f4xx_hal_flash.o
 .debug_line    0x00006747      0x743 build/stm32f4xx_hal_flash_ex.o
 .debug_line    0x00006e8a      0x634 build/stm32f4xx_hal_gpio.o
 .debug_line    0x000074be      0x7a5 build/stm32f4xx_hal_cortex.o
 .debug_line    0x00007c63      0x4e2 build/stm32f4xx_hal.o
 .debug_line    0x00008145      0x1c9 build/system_stm32f4xx.o
 .debug_line    0x0000830e       0xfd build/sysmem.o
 .debug_line    0x0000840b      0x372 build/syscalls.o
 .debug_line    0x0000877d      0x18a build/gpio.o
 .debug_line    0x00008907      0x2fd build/usart.o
 .debug_line    0x00008c04      0x199 build/crc.o
 .debug_line    0x00008d9d      0x31a build/stm32f4xx_hal_crc.o
 .debug_line    0x000090b7      0x25b build/spi.o
 .debug_line    0x00009312     0x23ec build/stm32f4xx_hal_spi.o
 .debug_line    0x0000b6fe       0x73 build/startup_stm32f401xe.o
 .debug_line    0x0000b771       0xe7 /usr/lib/gcc/arm-none-eabi/13.2.1/../../../arm-none-eabi/lib/thumb/v7e-m+fp/hard/libc_nano.a(libc_a-impure.o)
 .debug_line    0x0000b858      0x11e /usr/lib/gcc/arm-none-eabi/13.2.1/../../../arm-none-eabi/lib/thumb/v7e-m+fp/hard/libc_nano.a(libc_a-init.o)
 .debug_line    0x0000b976      0x2cf /usr/lib/gcc/arm-none-eabi/13.2.1/../../../arm-none-eabi/lib/thumb/v7e-m+fp/hard/libc_nano.a(libc_a-puts.o)
 .debug_line    0x0000bc45      0x4fc /usr/lib/gcc/arm-none-eabi/13.2.1/../../../arm-none-eabi/lib/thumb/v7e-m+fp/hard/libc_nano.a(libc_a-findfp.o)
 .debug_line    0x0000c141      0x1b6 /usr/lib/gcc/arm-none-eabi/13.2.1/../../../arm-none-eabi/lib/thumb/v7e-m+fp/hard/libc_nano.a(libc_a-memset.o)
 .debug_line    0x0000c2f7      0x446 /usr/lib/gcc/arm-none-eabi/13.2.1/../../../arm-none-eabi/lib/thumb/v7e-m+fp/hard/libc_nano.a(libc_a-fflush.o)
 .debug_line    0x0000c73d      0x10c /usr/lib/gcc/arm-none-eabi/13.2.1/../../../arm-none-eabi/lib/thumb/v7e-m+fp/hard/libc_nano.a(libc_a-errno.o)
 .debug_line    0x0000c849      0x446 /usr/lib/gcc/arm-none-eabi/13.2.1/../../../arm-none-eabi/lib/thumb/v7e-m+fp/hard/libc_nano.a(libc_a-mallocr.o)
 .debug_line    0x0000cc8f      0x2c3 /usr/lib/gcc/arm-none-eabi/13.2.1/../../../arm-none-eabi/lib/thumb/v7e-m+fp/hard/libc_nano.a(libc_a-freer.o)
 .debug_line    0x0000cf52      0x1d1 /usr/lib/gcc/arm-none-eabi/13.2.1/../../../arm-none-eabi/lib/thumb/v7e-m+fp/hard/libc_nano.a(libc_a-fwalk.o)
 .debug_line    0x0000d123      0x2b0 /usr/lib/gcc/arm-none-eabi/13.2.1/../../../arm-none-eabi/lib/thumb/v7e-m+fp/hard/libc_nano.a(libc_a-wsetup.o)
 .debug_line    0x0000d3d3      0x361 /usr/lib/gcc/arm-none-eabi/13.2.1/../../../arm-none-eabi/lib/thumb/v7e-m+fp/hard/libc_nano.a(libc_a-setvbuf.o)
 .debug_line    0x0000d734       0xb9 /usr/lib/gcc/arm-none-eabi/13.2.1/../../../arm-none-eabi/lib/thumb/v7e-m+fp/hard/libc_nano.a(libc_a-memcpy.o)
 .debug_line    0x0000d7ed      0x16b /usr/lib/gcc/arm-none-eabi/13.2.1/../../../arm-none-eabi/lib/thumb/v7e-m+fp/hard/libc_nano.a(libc_a-malloc.o)
 .debug_line    0x0000d958      0x153 /usr/lib/gcc/arm-none-eabi/13.2.1/../../../arm-none-eabi/lib/thumb/v7e-m+fp/hard/libc_nano.a(libc_a-mlock.o)
 .debug_line    0x0000daab      0x3a7 /usr/lib/gcc/arm-none-eabi/13.2.1/../../../arm-none-eabi/lib/thumb/v7e-m+fp/hard/libc_nano.a(libc_a-makebuf.o)
 .debug_line    0x0000de52      0x1c5 /usr/lib/gcc/arm-none-eabi/13.2.1/../../../arm-none-eabi/lib/thumb/v7e-m+fp/hard/libc_nano.a(libc_a-printf.o)
 .debug_line    0x0000e017      0x194 /usr/lib/gcc/arm-none-eabi/13.2.1/../../../arm-none-eabi/lib/thumb/v7e-m+fp/hard/libc_nano.a(libc_a-isattyr.o)
 .debug_line    0x0000e1ab      0x6c5 /usr/lib/gcc/arm-none-eabi/13.2.1/../../../arm-none-eabi/lib/thumb/v7e-m+fp/hard/libc_nano.a(libc_a-nano-vfprintf.o)
 .debug_line    0x0000e870      0x256 /usr/lib/gcc/arm-none-eabi/13.2.1/../../../arm-none-eabi/lib/thumb/v7e-m+fp/hard/libc_nano.a(libc_a-wbuf.o)
 .debug_line    0x0000eac6      0x193 /usr/lib/gcc/arm-none-eabi/13.2.1/../../../arm-none-eabi/lib/thumb/v7e-m+fp/hard/libc_nano.a(libc_a-sbrkr.o)
 .debug_line    0x0000ec59      0x22b /usr/lib/gcc/arm-none-eabi/13.2.1/../../../arm-none-eabi/lib/thumb/v7e-m+fp/hard/libc_nano.a(libc_a-stdio.o)
 .debug_line    0x0000ee84      0x5ec /usr/lib/gcc/arm-none-eabi/13.2.1/../../../arm-none-eabi/lib/thumb/v7e-m+fp/hard/libc_nano.a(libc_a-fvwrite.o)
 .debug_line    0x0000f470      0x193 /usr/lib/gcc/arm-none-eabi/13.2.1/../../../arm-none-eabi/lib/thumb/v7e-m+fp/hard/libc_nano.a(libc_a-closer.o)
 .debug_line    0x0000f603      0x1f1 /usr/lib/gcc/arm-none-eabi/13.2.1/../../../arm-none-eabi/lib/thumb/v7e-m+fp/hard/libc_nano.a(libc_a-memmove.o)
 .debug_line    0x0000f7f4       0x84 /usr/lib/gcc/arm-none-eabi/13.2.1/../../../arm-none-eabi/lib/thumb/v7e-m+fp/hard/libc_nano.a(libc_a-memchr.o)
 .debug_line    0x0000f878      0x198 /usr/lib/gcc/arm-none-eabi/13.2.1/../../../arm-none-eabi/lib/thumb/v7e-m+fp/hard/libc_nano.a(libc_a-readr.o)
 .debug_line    0x0000fa10      0x27b /usr/lib/gcc/arm-none-eabi/13.2.1/../../../arm-none-eabi/lib/thumb/v7e-m+fp/hard/libc_nano.a(libc_a-reent.o)
 .debug_line    0x0000fc8b      0x1f8 /usr/lib/gcc/arm-none-eabi/13.2.1/../../../arm-none-eabi/lib/thumb/v7e-m+fp/hard/libc_nano.a(libc_a-reallocr.o)
 .debug_line    0x0000fe83      0x75d /usr/lib/gcc/arm-none-eabi/13.2.1/../../../arm-none-eabi/lib/thumb/v7e-m+fp/hard/libc_nano.a(libc_a-nano-vfprintf_i.o)
 .debug_line    0x000105e0      0x21c /usr/lib/gcc/arm-none-eabi/13.2.1/../../../arm-none-eabi/lib/thumb/v7e-m+fp/hard/libc_nano.a(libc_a-fstatr.o)
 .debug_line    0x000107fc      0x199 /usr/lib/gcc/arm-none-eabi/13.2.1/../../../arm-none-eabi/lib/thumb/v7e-m+fp/hard/libc_nano.a(libc_a-lseekr.o)
 .debug_line    0x00010995      0x199 /usr/lib/gcc/arm-none-eabi/13.2.1/../../../arm-none-eabi/lib/thumb/v7e-m+fp/hard/libc_nano.a(libc_a-writer.o)
 .debug_line    0x00010b2e      0x176 /usr/lib/gcc/arm-none-eabi/13.2.1/../../../arm-none-eabi/lib/thumb/v7e-m+fp/hard/libc_nano.a(libc_a-msizer.o)
 .debug_line    0x00010ca4       0x4e /usr/lib/gcc/arm-none-eabi/13.2.1/thumb/v7e-m+fp/hard/libgcc.a(_aeabi_uldivmod.o)
 .debug_line    0x00010cf2      0x574 /usr/lib/gcc/arm-none-eabi/13.2.1/thumb/v7e-m+fp/hard/libgcc.a(_udivmoddi4.o)
 .debug_line    0x00011266       0x4a /usr/lib/gcc/arm-none-eabi/13.2.1/thumb/v7e-m+fp/hard/libgcc.a(_dvmd_tls.o)

.debug_str      0x00000000     0x5032
 .debug_str     0x00000000     0x5032 build/main.o
                                0xe72 (size before relaxing)
 .debug_str     0x00005032      0x5ba build/bootloader.o
 .debug_str     0x00005032      0x33f build/st7789_bootloader.o
 .debug_str     0x00005032      0x94b build/st7789.o
 .debug_str     0x00005032      0x1d4 build/fonts.o
 .debug_str     0x00005032      0x215 build/stm32f4xx_it.o
 .debug_str     0x00005032      0x2a8 build/stm32f4xx_hal_msp.o
 .debug_str     0x00005032      0xd56 build/stm32f4xx_hal_uart.o
 .debug_str     0x00005032      0x6d3 build/stm32f4xx_hal_rcc.o
 .debug_str     0x00005032      0x4bb build/stm32f4xx_hal_rcc_ex.o
 .debug_str     0x00005032      0x505 build/stm32f4xx_hal_flash.o
 .debug_str     0x00005032      0x633 build/stm32f4xx_hal_flash_ex.o
 .debug_str     0x00005032      0x4b8 build/stm32f4xx_hal_gpio.o
 .debug_str     0x00005032      0xada build/stm32f4xx_hal_cortex.o
 .debug_str     0x00005032      0x9ef build/stm32f4xx_hal.o
 .debug_str     0x00005032      0x358 build/system_stm32f4xx.o
 .debug_str     0x00005032      0x1f6 build/sysmem.o
 .debug_str     0x00005032      0x3df build/syscalls.o
 .debug_str     0x00005032      0x35c build/gpio.o
 .debug_str     0x00005032      0x829 build/usart.o
 .debug_str     0x00005032      0x403 build/crc.o
 .debug_str     0x00005032      0x369 build/stm32f4xx_hal_crc.o
 .debug_str     0x00005032      0x7df build/spi.o
 .debug_str     0x00005032      0xbba build/stm32f4xx_hal_spi.o
 .debug_str     0x00005032       0x66 build/startup_stm32f401xe.o
 .debug_str     0x00005032      0x4bc /usr/lib/gcc/arm-none-eabi/13.2.1/../../../arm-none-eabi/lib/thumb/v7e-m+fp/hard/libc_nano.a(libc_a-impure.o)
 .debug_str     0x00005032      0x1fa /usr/lib/gcc/arm-none-eabi/13.2.1/../../../arm-none-eabi/lib/thumb/v7e-m+fp/hard/libc_nano.a(libc_a-init.o)
 .debug_str     0x00005032      0x503 /usr/lib/gcc/arm-none-eabi/13.2.1/../../../arm-none-eabi/lib/thumb/v7e-m+fp/hard/libc_nano.a(libc_a-puts.o)
 .debug_str     0x00005032      0x6bf /usr/lib/gcc/arm-none-eabi/13.2.1/../../../arm-none-eabi/lib/thumb/v7e-m+fp/hard/libc_nano.a(libc_a-findfp.o)
 .debug_str     0x00005032      0x1ad /usr/lib/gcc/arm-none-eabi/13.2.1/../../../arm-none-eabi/lib/thumb/v7e-m+fp/hard/libc_nano.a(libc_a-memset.o)
 .debug_str     0x00005032      0x543 /usr/lib/gcc/arm-none-eabi/13.2.1/../../../arm-none-eabi/lib/thumb/v7e-m+fp/hard/libc_nano.a(libc_a-fflush.o)
 .debug_str     0x00005032      0x4b6 /usr/lib/gcc/arm-none-eabi/13.2.1/../../../arm-none-eabi/lib/thumb/v7e-m+fp/hard/libc_nano.a(libc_a-errno.o)
 .debug_str     0x00005032      0x59d /usr/lib/gcc/arm-none-eabi/13.2.1/../../../arm-none-eabi/lib/thumb/v7e-m+fp/hard/libc_nano.a(libc_a-mallocr.o)
 .debug_str     0x00005032      0x53c /usr/lib/gcc/arm-none-eabi/13.2.1/../../../arm-none-eabi/lib/thumb/v7e-m+fp/hard/libc_nano.a(libc_a-freer.o)
 .debug_str     0x00005032      0x4cc /usr/lib/gcc/arm-none-eabi/13.2.1/../../../arm-none-eabi/lib/thumb/v7e-m+fp/hard/libc_nano.a(libc_a-fwalk.o)
 .debug_str     0x00005032      0x4ed /usr/lib/gcc/arm-none-eabi/13.2.1/../../../arm-none-eabi/lib/thumb/v7e-m+fp/hard/libc_nano.a(libc_a-wsetup.o)
 .debug_str     0x00005032      0x521 /usr/lib/gcc/arm-none-eabi/13.2.1/../../../arm-none-eabi/lib/thumb/v7e-m+fp/hard/libc_nano.a(libc_a-setvbuf.o)
 .debug_str     0x00005032       0xac /usr/lib/gcc/arm-none-eabi/13.2.1/../../../arm-none-eabi/lib/thumb/v7e-m+fp/hard/libc_nano.a(libc_a-memcpy.o)
 .debug_str     0x00005032      0x4e1 /usr/lib/gcc/arm-none-eabi/13.2.1/../../../arm-none-eabi/lib/thumb/v7e-m+fp/hard/libc_nano.a(libc_a-malloc.o)
 .debug_str     0x00005032      0x4da /usr/lib/gcc/arm-none-eabi/13.2.1/../../../arm-none-eabi/lib/thumb/v7e-m+fp/hard/libc_nano.a(libc_a-mlock.o)
 .debug_str     0x00005032      0x64f /usr/lib/gcc/arm-none-eabi/13.2.1/../../../arm-none-eabi/lib/thumb/v7e-m+fp/hard/libc_nano.a(libc_a-makebuf.o)
 .debug_str     0x00005032      0x4f7 /usr/lib/gcc/arm-none-eabi/13.2.1/../../../arm-none-eabi/lib/thumb/v7e-m+fp/hard/libc_nano.a(libc_a-printf.o)
 .debug_str     0x00005032      0x4bc /usr/lib/gcc/arm-none-eabi/13.2.1/../../../arm-none-eabi/lib/thumb/v7e-m+fp/hard/libc_nano.a(libc_a-isattyr.o)
 .debug_str     0x00005032      0x829 /usr/lib/gcc/arm-none-eabi/13.2.1/../../../arm-none-eabi/lib/thumb/v7e-m+fp/hard/libc_nano.a(libc_a-nano-vfprintf.o)
 .debug_str     0x00005032      0x4f2 /usr/lib/gcc/arm-none-eabi/13.2.1/../../../arm-none-eabi/lib/thumb/v7e-m+fp/hard/libc_nano.a(libc_a-wbuf.o)
 .debug_str     0x00005032      0x4c5 /usr/lib/gcc/arm-none-eabi/13.2.1/../../../arm-none-eabi/lib/thumb/v7e-m+fp/hard/libc_nano.a(libc_a-sbrkr.o)
 .debug_str     0x00005032      0x529 /usr/lib/gcc/arm-none-eabi/13.2.1/../../../arm-none-eabi/lib/thumb/v7e-m+fp/hard/libc_nano.a(libc_a-stdio.o)
 .debug_str     0x00005032      0x560 /usr/lib/gcc/arm-none-eabi/13.2.1/../../../arm-none-eabi/lib/thumb/v7e-m+fp/hard/libc_nano.a(libc_a-fvwrite.o)
 .debug_str     0x00005032      0x4b2 /usr/lib/gcc/arm-none-eabi/13.2.1/../../../arm-none-eabi/lib/thumb/v7e-m+fp/hard/libc_nano.a(libc_a-closer.o)
 .debug_str     0x00005032      0x1cc /usr/lib/gcc/arm-none-eabi/13.2.1/../../../arm-none-eabi/lib/thumb/v7e-m+fp/hard/libc_nano.a(libc_a-memmove.o)
 .debug_str     0x00005032       0x9e /usr/lib/gcc/arm-none-eabi/13.2.1/../../../arm-none-eabi/lib/thumb/v7e-m+fp/hard/libc_nano.a(libc_a-memchr.o)
 .debug_str     0x00005032      0x4c0 /usr/lib/gcc/arm-none-eabi/13.2.1/../../../arm-none-eabi/lib/thumb/v7e-m+fp/hard/libc_nano.a(libc_a-readr.o)
 .debug_str     0x00005032      0x4db /usr/lib/gcc/arm-none-eabi/13.2.1/../../../arm-none-eabi/lib/thumb/v7e-m+fp/hard/libc_nano.a(libc_a-reent.o)
 .debug_str     0x00005032      0x532 /usr/lib/gcc/arm-none-eabi/13.2.1/../../../arm-none-eabi/lib/thumb/v7e-m+fp/hard/libc_nano.a(libc_a-reallocr.o)
 .debug_str     0x00005032      0x79b /usr/lib/gcc/arm-none-eabi/13.2.1/../../../arm-none-eabi/lib/thumb/v7e-m+fp/hard/libc_nano.a(libc_a-nano-vfprintf_i.o)
 .debug_str     0x00005032      0x604 /usr/lib/gcc/arm-none-eabi/13.2.1/../../../arm-none-eabi/lib/thumb/v7e-m+fp/hard/libc_nano.a(libc_a-fstatr.o)
 .debug_str     0x00005032      0x4c0 /usr/lib/gcc/arm-none-eabi/13.2.1/../../../arm-none-eabi/lib/thumb/v7e-m+fp/hard/libc_nano.a(libc_a-lseekr.o)
 .debug_str     0x00005032      0x4c2 /usr/lib/gcc/arm-none-eabi/13.2.1/../../../arm-none-eabi/lib/thumb/v7e-m+fp/hard/libc_nano.a(libc_a-writer.o)
 .debug_str     0x00005032      0x505 /usr/lib/gcc/arm-none-eabi/13.2.1/../../../arm-none-eabi/lib/thumb/v7e-m+fp/hard/libc_nano.a(libc_a-msizer.o)
 .debug_str     0x00005032       0xa3 /usr/lib/gcc/arm-none-eabi/13.2.1/thumb/v7e-m+fp/hard/libgcc.a(_aeabi_uldivmod.o)
 .debug_str     0x00005032      0x685 /usr/lib/gcc/arm-none-eabi/13.2.1/thumb/v7e-m+fp/hard/libgcc.a(_udivmoddi4.o)
 .debug_str     0x00005032       0xc3 /usr/lib/gcc/arm-none-eabi/13.2.1/thumb/v7e-m+fp/hard/libgcc.a(_dvmd_tls.o)

.debug_frame    0x00000000     0x2a64
 .debug_frame   0x00000000       0x80 build/main.o
 .debug_frame   0x00000080      0x110 build/bootloader.o
 .debug_frame   0x00000190      0x114 build/st7789_bootloader.o
 .debug_frame   0x000002a4      0x394 build/st7789.o
 .debug_frame   0x00000638       0xa8 build/stm32f4xx_it.o
 .debug_frame   0x000006e0       0x28 build/stm32f4xx_hal_msp.o
 .debug_frame   0x00000708      0x5e0 build/stm32f4xx_hal_uart.o
 .debug_frame   0x00000ce8      0x16c build/stm32f4xx_hal_rcc.o
 .debug_frame   0x00000e54       0xa0 build/stm32f4xx_hal_rcc_ex.o
 .debug_frame   0x00000ef4      0x164 build/stm32f4xx_hal_flash.o
 .debug_frame   0x00001058      0x1dc build/stm32f4xx_hal_flash_ex.o
 .debug_frame   0x00001234       0xd8 build/stm32f4xx_hal_gpio.o
 .debug_frame   0x0000130c      0x214 build/stm32f4xx_hal_cortex.o
 .debug_frame   0x00001520      0x1ec build/stm32f4xx_hal.o
 .debug_frame   0x0000170c       0x30 build/system_stm32f4xx.o
 .debug_frame   0x0000173c       0x28 build/sysmem.o
 .debug_frame   0x00001764      0x190 build/syscalls.o
 .debug_frame   0x000018f4       0x38 build/gpio.o
 .debug_frame   0x0000192c       0x78 build/usart.o
 .debug_frame   0x000019a4       0x50 build/crc.o
 .debug_frame   0x000019f4       0xb8 build/stm32f4xx_hal_crc.o
 .debug_frame   0x00001aac       0x60 build/spi.o
 .debug_frame   0x00001b0c      0x5d0 build/stm32f4xx_hal_spi.o
 .debug_frame   0x000020dc       0x2c /usr/lib/gcc/arm-none-eabi/13.2.1/../../../arm-none-eabi/lib/thumb/v7e-m+fp/hard/libc_nano.a(libc_a-init.o)