ARM GAS  /tmp/ccr0fKVU.s 			page 1


   1              		.cpu cortex-m4
   2              		.arch armv7e-m
   3              		.fpu fpv4-sp-d16
   4              		.eabi_attribute 27, 1
   5              		.eabi_attribute 28, 1
   6              		.eabi_attribute 20, 1
   7              		.eabi_attribute 21, 1
   8              		.eabi_attribute 23, 3
   9              		.eabi_attribute 24, 1
  10              		.eabi_attribute 25, 1
  11              		.eabi_attribute 26, 1
  12              		.eabi_attribute 30, 1
  13              		.eabi_attribute 34, 1
  14              		.eabi_attribute 18, 4
  15              		.file	"gpio.c"
  16              		.text
  17              	.Ltext0:
  18              		.cfi_sections	.debug_frame
  19              		.file 1 "Core/Src/gpio.c"
  20              		.section	.text.MX_GPIO_Init,"ax",%progbits
  21              		.align	1
  22              		.global	MX_GPIO_Init
  23              		.syntax unified
  24              		.thumb
  25              		.thumb_func
  27              	MX_GPIO_Init:
  28              	.LFB134:
   1:Core/Src/gpio.c **** /* USER CODE BEGIN Header */
   2:Core/Src/gpio.c **** /**
   3:Core/Src/gpio.c ****   ******************************************************************************
   4:Core/Src/gpio.c ****   * @file    gpio.c
   5:Core/Src/gpio.c ****   * @brief   This file provides code for the configuration
   6:Core/Src/gpio.c ****   *          of all used GPIO pins.
   7:Core/Src/gpio.c ****   ******************************************************************************
   8:Core/Src/gpio.c ****   * @attention
   9:Core/Src/gpio.c ****   *
  10:Core/Src/gpio.c ****   * Copyright (c) 2026 STMicroelectronics.
  11:Core/Src/gpio.c ****   * All rights reserved.
  12:Core/Src/gpio.c ****   *
  13:Core/Src/gpio.c ****   * This software is licensed under terms that can be found in the LICENSE file
  14:Core/Src/gpio.c ****   * in the root directory of this software component.
  15:Core/Src/gpio.c ****   * If no LICENSE file comes with this software, it is provided AS-IS.
  16:Core/Src/gpio.c ****   *
  17:Core/Src/gpio.c ****   ******************************************************************************
  18:Core/Src/gpio.c ****   */
  19:Core/Src/gpio.c **** /* USER CODE END Header */
  20:Core/Src/gpio.c **** 
  21:Core/Src/gpio.c **** /* Includes ------------------------------------------------------------------*/
  22:Core/Src/gpio.c **** #include "gpio.h"
  23:Core/Src/gpio.c **** 
  24:Core/Src/gpio.c **** /* USER CODE BEGIN 0 */
  25:Core/Src/gpio.c **** 
  26:Core/Src/gpio.c **** /* USER CODE END 0 */
  27:Core/Src/gpio.c **** 
  28:Core/Src/gpio.c **** /*----------------------------------------------------------------------------*/
  29:Core/Src/gpio.c **** /* Configure GPIO                                                             */
  30:Core/Src/gpio.c **** /*----------------------------------------------------------------------------*/
ARM GAS  /tmp/ccr0fKVU.s 			page 2


  31:Core/Src/gpio.c **** /* USER CODE BEGIN 1 */
  32:Core/Src/gpio.c **** 
  33:Core/Src/gpio.c **** /* USER CODE END 1 */
  34:Core/Src/gpio.c **** 
  35:Core/Src/gpio.c **** /** Configure pins
  36:Core/Src/gpio.c **** */
  37:Core/Src/gpio.c **** void MX_GPIO_Init(void)
  38:Core/Src/gpio.c **** {
  29              		.loc 1 38 1 view -0
  30              		.cfi_startproc
  31              		@ args = 0, pretend = 0, frame = 32
  32              		@ frame_needed = 0, uses_anonymous_args = 0
  33 0000 2DE9F041 		push	{r4, r5, r6, r7, r8, lr}
  34              	.LCFI0:
  35              		.cfi_def_cfa_offset 24
  36              		.cfi_offset 4, -24
  37              		.cfi_offset 5, -20
  38              		.cfi_offset 6, -16
  39              		.cfi_offset 7, -12
  40              		.cfi_offset 8, -8
  41              		.cfi_offset 14, -4
  42 0004 88B0     		sub	sp, sp, #32
  43              	.LCFI1:
  44              		.cfi_def_cfa_offset 56
  39:Core/Src/gpio.c **** 
  40:Core/Src/gpio.c ****   GPIO_InitTypeDef GPIO_InitStruct = {0};
  45              		.loc 1 40 3 view .LVU1
  46              		.loc 1 40 20 is_stmt 0 view .LVU2
  47 0006 0024     		movs	r4, #0
  48 0008 0394     		str	r4, [sp, #12]
  49 000a 0494     		str	r4, [sp, #16]
  50 000c 0594     		str	r4, [sp, #20]
  51 000e 0694     		str	r4, [sp, #24]
  52 0010 0794     		str	r4, [sp, #28]
  41:Core/Src/gpio.c **** 
  42:Core/Src/gpio.c ****   /* GPIO Ports Clock Enable */
  43:Core/Src/gpio.c ****   __HAL_RCC_GPIOC_CLK_ENABLE();
  53              		.loc 1 43 3 is_stmt 1 view .LVU3
  54              	.LBB2:
  55              		.loc 1 43 3 view .LVU4
  56 0012 0094     		str	r4, [sp]
  57              		.loc 1 43 3 view .LVU5
  58 0014 2C4B     		ldr	r3, .L3
  59 0016 1A6B     		ldr	r2, [r3, #48]
  60 0018 42F00402 		orr	r2, r2, #4
  61 001c 1A63     		str	r2, [r3, #48]
  62              		.loc 1 43 3 view .LVU6
  63 001e 1A6B     		ldr	r2, [r3, #48]
  64 0020 02F00402 		and	r2, r2, #4
  65 0024 0092     		str	r2, [sp]
  66              		.loc 1 43 3 view .LVU7
  67 0026 009A     		ldr	r2, [sp]
  68              	.LBE2:
  69              		.loc 1 43 3 view .LVU8
  44:Core/Src/gpio.c ****   __HAL_RCC_GPIOA_CLK_ENABLE();
  70              		.loc 1 44 3 view .LVU9
  71              	.LBB3:
ARM GAS  /tmp/ccr0fKVU.s 			page 3


  72              		.loc 1 44 3 view .LVU10
  73 0028 0194     		str	r4, [sp, #4]
  74              		.loc 1 44 3 view .LVU11
  75 002a 1A6B     		ldr	r2, [r3, #48]
  76 002c 42F00102 		orr	r2, r2, #1
  77 0030 1A63     		str	r2, [r3, #48]
  78              		.loc 1 44 3 view .LVU12
  79 0032 1A6B     		ldr	r2, [r3, #48]
  80 0034 02F00102 		and	r2, r2, #1
  81 0038 0192     		str	r2, [sp, #4]
  82              		.loc 1 44 3 view .LVU13
  83 003a 019A     		ldr	r2, [sp, #4]
  84              	.LBE3:
  85              		.loc 1 44 3 view .LVU14
  45:Core/Src/gpio.c ****   __HAL_RCC_GPIOB_CLK_ENABLE();
  86              		.loc 1 45 3 view .LVU15
  87              	.LBB4:
  88              		.loc 1 45 3 view .LVU16
  89 003c 0294     		str	r4, [sp, #8]
  90              		.loc 1 45 3 view .LVU17
  91 003e 1A6B     		ldr	r2, [r3, #48]
  92 0040 42F00202 		orr	r2, r2, #2
  93 0044 1A63     		str	r2, [r3, #48]
  94              		.loc 1 45 3 view .LVU18
  95 0046 1B6B     		ldr	r3, [r3, #48]
  96 0048 03F00203 		and	r3, r3, #2
  97 004c 0293     		str	r3, [sp, #8]
  98              		.loc 1 45 3 view .LVU19
  99 004e 029B     		ldr	r3, [sp, #8]
 100              	.LBE4:
 101              		.loc 1 45 3 view .LVU20
  46:Core/Src/gpio.c **** 
  47:Core/Src/gpio.c ****   /*Configure GPIO pin Output Level */
  48:Core/Src/gpio.c ****   HAL_GPIO_WritePin(GPIOA, GPIO_PIN_1, GPIO_PIN_RESET);
 102              		.loc 1 48 3 view .LVU21
 103 0050 DFF88080 		ldr	r8, .L3+12
 104 0054 2246     		mov	r2, r4
 105 0056 0221     		movs	r1, #2
 106 0058 4046     		mov	r0, r8
 107 005a FFF7FEFF 		bl	HAL_GPIO_WritePin
 108              	.LVL0:
  49:Core/Src/gpio.c **** 
  50:Core/Src/gpio.c ****   /*Configure GPIO pin Output Level */
  51:Core/Src/gpio.c ****   HAL_GPIO_WritePin(GPIOC, TFT_CS_Pin|TFT_DC_Pin, GPIO_PIN_RESET);
 109              		.loc 1 51 3 view .LVU22
 110 005e 1B4E     		ldr	r6, .L3+4
 111 0060 2246     		mov	r2, r4
 112 0062 3021     		movs	r1, #48
 113 0064 3046     		mov	r0, r6
 114 0066 FFF7FEFF 		bl	HAL_GPIO_WritePin
 115              	.LVL1:
  52:Core/Src/gpio.c **** 
  53:Core/Src/gpio.c ****   /*Configure GPIO pin Output Level */
  54:Core/Src/gpio.c ****   HAL_GPIO_WritePin(GPIOB, TFT_BCKLIGHT_Pin|TFT_RST_Pin, GPIO_PIN_RESET);
 116              		.loc 1 54 3 view .LVU23
 117 006a 194F     		ldr	r7, .L3+8
 118 006c 2246     		mov	r2, r4
ARM GAS  /tmp/ccr0fKVU.s 			page 4


 119 006e 0321     		movs	r1, #3
 120 0070 3846     		mov	r0, r7
 121 0072 FFF7FEFF 		bl	HAL_GPIO_WritePin
 122              	.LVL2:
  55:Core/Src/gpio.c **** 
  56:Core/Src/gpio.c ****   /*Configure GPIO pin : PC13 */
  57:Core/Src/gpio.c ****   GPIO_InitStruct.Pin = GPIO_PIN_13;
 123              		.loc 1 57 3 view .LVU24
 124              		.loc 1 57 23 is_stmt 0 view .LVU25
 125 0076 4FF40053 		mov	r3, #8192
 126 007a 0393     		str	r3, [sp, #12]
  58:Core/Src/gpio.c ****   GPIO_InitStruct.Mode = GPIO_MODE_INPUT;
 127              		.loc 1 58 3 is_stmt 1 view .LVU26
 128              		.loc 1 58 24 is_stmt 0 view .LVU27
 129 007c 0494     		str	r4, [sp, #16]
  59:Core/Src/gpio.c ****   GPIO_InitStruct.Pull = GPIO_NOPULL;
 130              		.loc 1 59 3 is_stmt 1 view .LVU28
 131              		.loc 1 59 24 is_stmt 0 view .LVU29
 132 007e 0594     		str	r4, [sp, #20]
  60:Core/Src/gpio.c ****   HAL_GPIO_Init(GPIOC, &GPIO_InitStruct);
 133              		.loc 1 60 3 is_stmt 1 view .LVU30
 134 0080 03A9     		add	r1, sp, #12
 135 0082 3046     		mov	r0, r6
 136 0084 FFF7FEFF 		bl	HAL_GPIO_Init
 137              	.LVL3:
  61:Core/Src/gpio.c **** 
  62:Core/Src/gpio.c ****   /*Configure GPIO pin : PA1 */
  63:Core/Src/gpio.c ****   GPIO_InitStruct.Pin = GPIO_PIN_1;
 138              		.loc 1 63 3 view .LVU31
 139              		.loc 1 63 23 is_stmt 0 view .LVU32
 140 0088 0223     		movs	r3, #2
 141 008a 0393     		str	r3, [sp, #12]
  64:Core/Src/gpio.c ****   GPIO_InitStruct.Mode = GPIO_MODE_OUTPUT_PP;
 142              		.loc 1 64 3 is_stmt 1 view .LVU33
 143              		.loc 1 64 24 is_stmt 0 view .LVU34
 144 008c 0125     		movs	r5, #1
 145 008e 0495     		str	r5, [sp, #16]
  65:Core/Src/gpio.c ****   GPIO_InitStruct.Pull = GPIO_NOPULL;
 146              		.loc 1 65 3 is_stmt 1 view .LVU35
 147              		.loc 1 65 24 is_stmt 0 view .LVU36
 148 0090 0594     		str	r4, [sp, #20]
  66:Core/Src/gpio.c ****   GPIO_InitStruct.Speed = GPIO_SPEED_FREQ_LOW;
 149              		.loc 1 66 3 is_stmt 1 view .LVU37
 150              		.loc 1 66 25 is_stmt 0 view .LVU38
 151 0092 0694     		str	r4, [sp, #24]
  67:Core/Src/gpio.c ****   HAL_GPIO_Init(GPIOA, &GPIO_InitStruct);
 152              		.loc 1 67 3 is_stmt 1 view .LVU39
 153 0094 03A9     		add	r1, sp, #12
 154 0096 4046     		mov	r0, r8
 155 0098 FFF7FEFF 		bl	HAL_GPIO_Init
 156              	.LVL4:
  68:Core/Src/gpio.c **** 
  69:Core/Src/gpio.c ****   /*Configure GPIO pins : TFT_CS_Pin TFT_DC_Pin */
  70:Core/Src/gpio.c ****   GPIO_InitStruct.Pin = TFT_CS_Pin|TFT_DC_Pin;
 157              		.loc 1 70 3 view .LVU40
 158              		.loc 1 70 23 is_stmt 0 view .LVU41
 159 009c 3023     		movs	r3, #48
ARM GAS  /tmp/ccr0fKVU.s 			page 5


 160 009e 0393     		str	r3, [sp, #12]
  71:Core/Src/gpio.c ****   GPIO_InitStruct.Mode = GPIO_MODE_OUTPUT_PP;
 161              		.loc 1 71 3 is_stmt 1 view .LVU42
 162              		.loc 1 71 24 is_stmt 0 view .LVU43
 163 00a0 0495     		str	r5, [sp, #16]
  72:Core/Src/gpio.c ****   GPIO_InitStruct.Pull = GPIO_NOPULL;
 164              		.loc 1 72 3 is_stmt 1 view .LVU44
 165              		.loc 1 72 24 is_stmt 0 view .LVU45
 166 00a2 0594     		str	r4, [sp, #20]
  73:Core/Src/gpio.c ****   GPIO_InitStruct.Speed = GPIO_SPEED_FREQ_LOW;
 167              		.loc 1 73 3 is_stmt 1 view .LVU46
 168              		.loc 1 73 25 is_stmt 0 view .LVU47
 169 00a4 0694     		str	r4, [sp, #24]
  74:Core/Src/gpio.c ****   HAL_GPIO_Init(GPIOC, &GPIO_InitStruct);
 170              		.loc 1 74 3 is_stmt 1 view .LVU48
 171 00a6 03A9     		add	r1, sp, #12
 172 00a8 3046     		mov	r0, r6
 173 00aa FFF7FEFF 		bl	HAL_GPIO_Init
 174              	.LVL5:
  75:Core/Src/gpio.c **** 
  76:Core/Src/gpio.c ****   /*Configure GPIO pins : TFT_BCKLIGHT_Pin TFT_RST_Pin */
  77:Core/Src/gpio.c ****   GPIO_InitStruct.Pin = TFT_BCKLIGHT_Pin|TFT_RST_Pin;
 175              		.loc 1 77 3 view .LVU49
 176              		.loc 1 77 23 is_stmt 0 view .LVU50
 177 00ae 0323     		movs	r3, #3
 178 00b0 0393     		str	r3, [sp, #12]
  78:Core/Src/gpio.c ****   GPIO_InitStruct.Mode = GPIO_MODE_OUTPUT_PP;
 179              		.loc 1 78 3 is_stmt 1 view .LVU51
 180              		.loc 1 78 24 is_stmt 0 view .LVU52
 181 00b2 0495     		str	r5, [sp, #16]
  79:Core/Src/gpio.c ****   GPIO_InitStruct.Pull = GPIO_NOPULL;
 182              		.loc 1 79 3 is_stmt 1 view .LVU53
 183              		.loc 1 79 24 is_stmt 0 view .LVU54
 184 00b4 0594     		str	r4, [sp, #20]
  80:Core/Src/gpio.c ****   GPIO_InitStruct.Speed = GPIO_SPEED_FREQ_LOW;
 185              		.loc 1 80 3 is_stmt 1 view .LVU55
 186              		.loc 1 80 25 is_stmt 0 view .LVU56
 187 00b6 0694     		str	r4, [sp, #24]
  81:Core/Src/gpio.c ****   HAL_GPIO_Init(GPIOB, &GPIO_InitStruct);
 188              		.loc 1 81 3 is_stmt 1 view .LVU57
 189 00b8 03A9     		add	r1, sp, #12
 190 00ba 3846     		mov	r0, r7
 191 00bc FFF7FEFF 		bl	HAL_GPIO_Init
 192              	.LVL6:
  82:Core/Src/gpio.c **** 
  83:Core/Src/gpio.c **** }
 193              		.loc 1 83 1 is_stmt 0 view .LVU58
 194 00c0 08B0     		add	sp, sp, #32
 195              	.LCFI2:
 196              		.cfi_def_cfa_offset 24
 197              		@ sp needed
 198 00c2 BDE8F081 		pop	{r4, r5, r6, r7, r8, pc}
 199              	.L4:
 200 00c6 00BF     		.align	2
 201              	.L3:
 202 00c8 00380240 		.word	1073887232
 203 00cc 00080240 		.word	1073874944
ARM GAS  /tmp/ccr0fKVU.s 			page 6


 204 00d0 00040240 		.word	1073873920
 205 00d4 00000240 		.word	1073872896
 206              		.cfi_endproc
 207              	.LFE134:
 209              		.text
 210              	.Letext0:
 211              		.file 2 "/usr/lib/gcc/arm-none-eabi/13.2.1/include/stdint.h"
 212              		.file 3 "Drivers/CMSIS/Device/ST/STM32F4xx/Include/stm32f401xe.h"
 213              		.file 4 "Drivers/STM32F4xx_HAL_Driver/Inc/stm32f4xx_hal_gpio.h"
ARM GAS  /tmp/ccr0fKVU.s 			page 7


DEFINED SYMBOLS
                            *ABS*:00000000 gpio.c
     /tmp/ccr0fKVU.s:21     .text.MX_GPIO_Init:00000000 $t
     /tmp/ccr0fKVU.s:27     .text.MX_GPIO_Init:00000000 MX_GPIO_Init
     /tmp/ccr0fKVU.s:202    .text.MX_GPIO_Init:000000c8 $d

UNDEFINED SYMBOLS
HAL_GPIO_WritePin
HAL_GPIO_Init
